Component: ARM Compiler 5.06 update 7 (build 960) Tool: armlink [4d3601]

==============================================================================

Section Cross References

    main.o(i.main) refers to common_debug.o(i.Common_Debug_Init) for Common_Debug_Init
    main.o(i.main) refers to strrchr.o(.text) for strrchr
    main.o(i.main) refers to printfa.o(i.__0printf) for __2printf
    main.o(i.main) refers to app_display.o(i.App_Display_Start) for App_Display_Start
    main.o(i.main) refers to inf_hx710.o(i.Inf_HX710_Init) for Inf_HX710_Init
    main.o(i.main) refers to app_waterlevel.o(i.App_WaterLevel_Start) for App_WaterLevel_Start
    main.o(i.main) refers to app_waterlevel.o(i.App_WaterLevel_ReadWaterLevel) for App_WaterLevel_ReadWaterLevel
    main.o(i.main) refers to app_display.o(i.App_Display_ShowWaterLevel) for App_Display_ShowWaterLevel
    main.o(i.main) refers to common_delay.o(i.Delay_ms) for Delay_ms
    app_display.o(i.App_Display_ShowLogo) refers to inf_lcd.o(i.Inf_LCD_WriteAtguiguLogo) for Inf_LCD_WriteAtguiguLogo
    app_display.o(i.App_Display_ShowTitle) refers to inf_lcd.o(i.Inf_LCD_WriteChineseChar) for Inf_LCD_WriteChineseChar
    app_display.o(i.App_Display_ShowWaterLevel) refers to printfa.o(i.__0sprintf) for __2sprintf
    app_display.o(i.App_Display_ShowWaterLevel) refers to inf_lcd.o(i.Inf_LCD_WriteAsciiString) for Inf_LCD_WriteAsciiString
    app_display.o(i.App_Display_ShowWaterLevel) refers to app_display.o(.bss) for d_buff
    app_display.o(i.App_Display_Start) refers to inf_lcd.o(i.Inf_LCD_Init) for Inf_LCD_Init
    app_display.o(i.App_Display_Start) refers to inf_lcd.o(i.Inf_LCD_ClearAll) for Inf_LCD_ClearAll
    app_waterlevel.o(i.App_WaterLevel_CalibrateI) refers to inf_w25q32.o(i.Inf_W25Q32_Read) for Inf_W25Q32_Read
    app_waterlevel.o(i.App_WaterLevel_CalibrateI) refers to strtok.o(.text) for strtok
    app_waterlevel.o(i.App_WaterLevel_CalibrateI) refers to strtod.o(i.strtod) for strtod
    app_waterlevel.o(i.App_WaterLevel_CalibrateI) refers to strrchr.o(.text) for strrchr
    app_waterlevel.o(i.App_WaterLevel_CalibrateI) refers to printfa.o(i.__0printf) for __2printf
    app_waterlevel.o(i.App_WaterLevel_CalibrateI) refers to inf_lcd.o(i.Inf_LCD_WriteAsciiString) for Inf_LCD_WriteAsciiString
    app_waterlevel.o(i.App_WaterLevel_CalibrateI) refers to driver_gpio.o(i.Driver_GPIO_WaiteKey3Pressed) for Driver_GPIO_WaiteKey3Pressed
    app_waterlevel.o(i.App_WaterLevel_CalibrateI) refers to inf_hx710.o(i.Inf_HX710_ReadValue) for Inf_HX710_ReadValue
    app_waterlevel.o(i.App_WaterLevel_CalibrateI) refers to dfltui.o(.text) for __aeabi_ui2d
    app_waterlevel.o(i.App_WaterLevel_CalibrateI) refers to ddiv.o(.text) for __aeabi_ddiv
    app_waterlevel.o(i.App_WaterLevel_CalibrateI) refers to printfa.o(i.__0sprintf) for __2sprintf
    app_waterlevel.o(i.App_WaterLevel_CalibrateI) refers to strlen.o(.text) for strlen
    app_waterlevel.o(i.App_WaterLevel_CalibrateI) refers to inf_w25q32.o(i.Inf_W25Q32_EraseSector) for Inf_W25Q32_EraseSector
    app_waterlevel.o(i.App_WaterLevel_CalibrateI) refers to inf_w25q32.o(i.Inf_W25Q32_WritePage) for Inf_W25Q32_WritePage
    app_waterlevel.o(i.App_WaterLevel_CalibrateI) refers to app_waterlevel.o(.data) for len
    app_waterlevel.o(i.App_WaterLevel_CalibrateI) refers to app_waterlevel.o(.bss) for buff
    app_waterlevel.o(i.App_WaterLevel_ReadWaterLevel) refers to inf_hx710.o(i.Inf_HX710_ReadValue) for Inf_HX710_ReadValue
    app_waterlevel.o(i.App_WaterLevel_ReadWaterLevel) refers to dfltui.o(.text) for __aeabi_ui2d
    app_waterlevel.o(i.App_WaterLevel_ReadWaterLevel) refers to dadd.o(.text) for __aeabi_dsub
    app_waterlevel.o(i.App_WaterLevel_ReadWaterLevel) refers to ddiv.o(.text) for __aeabi_ddiv
    app_waterlevel.o(i.App_WaterLevel_ReadWaterLevel) refers to app_waterlevel.o(.data) for b
    app_waterlevel.o(i.App_WaterLevel_Start) refers to inf_hx710.o(i.Inf_HX710_Init) for Inf_HX710_Init
    app_waterlevel.o(i.App_WaterLevel_Start) refers to inf_w25q32.o(i.Inf_W25Q32_Init) for Inf_W25Q32_Init
    app_waterlevel.o(i.App_WaterLevel_Start) refers to app_waterlevel.o(i.App_WaterLevel_CalibrateI) for App_WaterLevel_CalibrateI
    inf_lcd.o(i.Inf_LCD_ClearAll) refers to inf_lcd.o(i.Inf_LCD_SetArea) for Inf_LCD_SetArea
    inf_lcd.o(i.Inf_LCD_ClearAll) refers to inf_lcd.o(i.Inf_LCD_WriteCmd) for Inf_LCD_WriteCmd
    inf_lcd.o(i.Inf_LCD_ClearAll) refers to inf_lcd.o(i.Inf_LCD_WriteData) for Inf_LCD_WriteData
    inf_lcd.o(i.Inf_LCD_DrawCircle) refers to dfltui.o(.text) for __aeabi_ui2d
    inf_lcd.o(i.Inf_LCD_DrawCircle) refers to dmul.o(.text) for __aeabi_dmul
    inf_lcd.o(i.Inf_LCD_DrawCircle) refers to ddiv.o(.text) for __aeabi_ddiv
    inf_lcd.o(i.Inf_LCD_DrawCircle) refers to sin.o(i.sin) for sin
    inf_lcd.o(i.Inf_LCD_DrawCircle) refers to dadd.o(.text) for __aeabi_dadd
    inf_lcd.o(i.Inf_LCD_DrawCircle) refers to dfixui.o(.text) for __aeabi_d2uiz
[...]
    cos.o(i.cos) refers to dunder.o(i.__mathlib_dbl_invalid) for __mathlib_dbl_invalid
    cos.o(i.cos) refers to dunder.o(i.__mathlib_dbl_infnan) for __mathlib_dbl_infnan
    cos.o(i.cos) refers to rred.o(i.__ieee754_rem_pio2) for __ieee754_rem_pio2
    cos.o(i.cos) refers to sin_i.o(i.__kernel_sin) for __kernel_sin
    cos.o(i.cos) refers to cos_i.o(i.__kernel_cos) for __kernel_cos
    cos_x.o(i.____softfp_cos$lsc) refers (Special) to iusefp.o(.text) for __I$use$fp
    cos_x.o(i.____softfp_cos$lsc) refers to cos_x.o(i.__cos$lsc) for __cos$lsc
    cos_x.o(i.__cos$lsc) refers (Special) to iusefp.o(.text) for __I$use$fp
    cos_x.o(i.__cos$lsc) refers to errno.o(i.__set_errno) for __set_errno
    cos_x.o(i.__cos$lsc) refers to dunder.o(i.__mathlib_dbl_infnan) for __mathlib_dbl_infnan
    cos_x.o(i.__cos$lsc) refers to rred.o(i.__ieee754_rem_pio2) for __ieee754_rem_pio2
    cos_x.o(i.__cos$lsc) refers to sin_i.o(i.__kernel_sin) for __kernel_sin
    cos_x.o(i.__cos$lsc) refers to cos_i.o(i.__kernel_cos) for __kernel_cos
    sin.o(i.__softfp_sin) refers (Special) to iusefp.o(.text) for __I$use$fp
    sin.o(i.__softfp_sin) refers to sin.o(i.sin) for sin
    sin.o(i.sin) refers (Special) to iusefp.o(.text) for __I$use$fp
    sin.o(i.sin) refers to errno.o(i.__set_errno) for __set_errno
    sin.o(i.sin) refers to dunder.o(i.__mathlib_dbl_invalid) for __mathlib_dbl_invalid
    sin.o(i.sin) refers to dunder.o(i.__mathlib_dbl_infnan) for __mathlib_dbl_infnan
    sin.o(i.sin) refers to rred.o(i.__ieee754_rem_pio2) for __ieee754_rem_pio2
    sin.o(i.sin) refers to cos_i.o(i.__kernel_cos) for __kernel_cos
    sin.o(i.sin) refers to sin_i.o(i.__kernel_sin) for __kernel_sin
    sin_x.o(i.____softfp_sin$lsc) refers (Special) to iusefp.o(.text) for __I$use$fp
    sin_x.o(i.____softfp_sin$lsc) refers to sin_x.o(i.__sin$lsc) for __sin$lsc
    sin_x.o(i.__sin$lsc) refers (Special) to iusefp.o(.text) for __I$use$fp
    sin_x.o(i.__sin$lsc) refers to errno.o(i.__set_errno) for __set_errno
    sin_x.o(i.__sin$lsc) refers to dunder.o(i.__mathlib_dbl_infnan) for __mathlib_dbl_infnan
    sin_x.o(i.__sin$lsc) refers to rred.o(i.__ieee754_rem_pio2) for __ieee754_rem_pio2
    sin_x.o(i.__sin$lsc) refers to cos_i.o(i.__kernel_cos) for __kernel_cos
    sin_x.o(i.__sin$lsc) refers to sin_i.o(i.__kernel_sin) for __kernel_sin
    strtod.o(i.__softfp_strtod) refers (Special) to iusefp.o(.text) for __I$use$fp
    strtod.o(i.__softfp_strtod) refers to strtod.o(.text) for __strtod_int
    strtod.o(i.strtod) refers (Special) to iusefp.o(.text) for __I$use$fp
    strtod.o(i.strtod) refers to strtod.o(.text) for __strtod_int
    entry.o(.ARM.Collect$$$$00000000) refers (Special) to entry10a.o(.ARM.Collect$$$$0000000F) for __rt_final_cpp
    entry.o(.ARM.Collect$$$$00000000) refers (Special) to entry11a.o(.ARM.Collect$$$$00000011) for __rt_final_exit
    entry.o(.ARM.Collect$$$$00000000) refers (Special) to entry12b.o(.ARM.Collect$$$$0000000E) for __rt_lib_shutdown_fini
    entry.o(.ARM.Collect$$$$00000000) refers (Special) to entry7b.o(.ARM.Collect$$$$00000008) for _main_clock
    entry.o(.ARM.Collect$$$$00000000) refers (Special) to entry8b.o(.ARM.Collect$$$$0000000A) for _main_cpp_init
    entry.o(.ARM.Collect$$$$00000000) refers (Special) to entry9a.o(.ARM.Collect$$$$0000000B) for _main_init
    entry.o(.ARM.Collect$$$$00000000) refers (Special) to entry5.o(.ARM.Collect$$$$00000004) for _main_scatterload
    entry.o(.ARM.Collect$$$$00000000) refers (Special) to entry2.o(.ARM.Collect$$$$00000001) for _main_stk
    strtok.o(.text) refers to strtok.o(.data) for .data
    strtok_r.o(.text) refers to strtok_r.o(.data) for .data
    printfb.o(i.__0fprintf$bare) refers to printfb.o(i._printf_core) for _printf_core
    printfb.o(i.__0fprintf$bare) refers to driver_usart1.o(i.fputc) for fputc
    printfb.o(i.__0printf$bare) refers to printfb.o(i._printf_core) for _printf_core
    printfb.o(i.__0printf$bare) refers to driver_usart1.o(i.fputc) for fputc
    printfb.o(i.__0printf$bare) refers to stdout.o(.data) for __stdout
    printfb.o(i.__0snprintf$bare) refers to printfb.o(i._printf_core) for _printf_core
    printfb.o(i.__0snprintf$bare) refers to printfb.o(i._snputc) for _snputc
    printfb.o(i.__0sprintf$bare) refers to printfb.o(i._printf_core) for _printf_core
    printfb.o(i.__0sprintf$bare) refers to printfb.o(i._sputc) for _sputc
    printfb.o(i.__0vfprintf$bare) refers to printfb.o(i._printf_core) for _printf_core
    printfb.o(i.__0vfprintf$bare) refers to driver_usart1.o(i.fputc) for fputc
    printfb.o(i.__0vprintf$bare) refers to printfb.o(i._printf_core) for _printf_core
    printfb.o(i.__0vprintf$bare) refers to driver_usart1.o(i.fputc) for fputc
    printfb.o(i.__0vprintf$bare) refers to stdout.o(.data) for __stdout
    printfb.o(i.__0vsnprintf$bare) refers to printfb.o(i._printf_core) for _printf_core
    printfb.o(i.__0vsnprintf$bare) refers to printfb.o(i._snputc) for _snputc
    printfb.o(i.__0vsprintf$bare) refers to printfb.o(i._printf_core) for _printf_core
    printfb.o(i.__0vsprintf$bare) refers to printfb.o(i._sputc) for _sputc
    printf0.o(i.__0fprintf$0) refers to printf0.o(i._printf_core) for _printf_core
    printf0.o(i.__0fprintf$0) refers to driver_usart1.o(i.fputc) for fputc
    printf0.o(i.__0printf$0) refers to printf0.o(i._printf_core) for _printf_core
    printf0.o(i.__0printf$0) refers to driver_usart1.o(i.fputc) for fputc
    printf0.o(i.__0printf$0) refers to stdout.o(.data) for __stdout
    printf0.o(i.__0snprintf$0) refers to printf0.o(i._printf_core) for _printf_core
    printf0.o(i.__0snprintf$0) refers to printf0.o(i._snputc) for _snputc
    printf0.o(i.__0sprintf$0) refers to printf0.o(i._printf_core) for _printf_core
    printf0.o(i.__0sprintf$0) refers to printf0.o(i._sputc) for _sputc
    printf0.o(i.__0vfprintf$0) refers to printf0.o(i._printf_core) for _printf_core
    printf0.o(i.__0vfprintf$0) refers to driver_usart1.o(i.fputc) for fputc
    printf0.o(i.__0vprintf$0) refers to printf0.o(i._printf_core) for _printf_core
    printf0.o(i.__0vprintf$0) refers to driver_usart1.o(i.fputc) for fputc
    printf0.o(i.__0vprintf$0) refers to stdout.o(.data) for __stdout
    printf0.o(i.__0vsnprintf$0) refers to printf0.o(i._printf_core) for _printf_core
    printf0.o(i.__0vsnprintf$0) refers to printf0.o(i._snputc) for _snputc
    printf0.o(i.__0vsprintf$0) refers to printf0.o(i._printf_core) for _printf_core
    printf0.o(i.__0vsprintf$0) refers to printf0.o(i._sputc) for _sputc
    printf1.o(i.__0fprintf$1) refers to printf1.o(i._printf_core) for _printf_core
    printf1.o(i.__0fprintf$1) refers to driver_usart1.o(i.fputc) for fputc
    printf1.o(i.__0printf$1) refers to printf1.o(i._printf_core) for _printf_core
    printf1.o(i.__0printf$1) refers to driver_usart1.o(i.fputc) for fputc
    printf1.o(i.__0printf$1) refers to stdout.o(.data) for __stdout
    printf1.o(i.__0snprintf$1) refers to printf1.o(i._printf_core) for _printf_core
    printf1.o(i.__0snprintf$1) refers to printf1.o(i._snputc) for _snputc
    printf1.o(i.__0sprintf$1) refers to printf1.o(i._printf_core) for _printf_core
    printf1.o(i.__0sprintf$1) refers to printf1.o(i._sputc) for _sputc
    printf1.o(i.__0vfprintf$1) refers to printf1.o(i._printf_core) for _printf_core
    printf1.o(i.__0vfprintf$1) refers to driver_usart1.o(i.fputc) for fputc
    printf1.o(i.__0vprintf$1) refers to printf1.o(i._printf_core) for _printf_core
    printf1.o(i.__0vprintf$1) refers to driver_usart1.o(i.fputc) for fputc
    printf1.o(i.__0vprintf$1) refers to stdout.o(.data) for __stdout
    printf1.o(i.__0vsnprintf$1) refers to printf1.o(i._printf_core) for _printf_core
    printf1.o(i.__0vsnprintf$1) refers to printf1.o(i._snputc) for _snputc
    printf1.o(i.__0vsprintf$1) refers to printf1.o(i._printf_core) for _printf_core
    printf1.o(i.__0vsprintf$1) refers to printf1.o(i._sputc) for _sputc
    printf1.o(i._printf_core) refers to uidiv.o(.text) for __aeabi_uidivmod
    printf2.o(i.__0fprintf$2) refers to printf2.o(i._printf_core) for _printf_core
    printf2.o(i.__0fprintf$2) refers to driver_usart1.o(i.fputc) for fputc
    printf2.o(i.__0printf$2) refers to printf2.o(i._printf_core) for _printf_core
    printf2.o(i.__0printf$2) refers to driver_usart1.o(i.fputc) for fputc
    printf2.o(i.__0printf$2) refers to stdout.o(.data) for __stdout
    printf2.o(i.__0snprintf$2) refers to printf2.o(i._printf_core) for _printf_core
    printf2.o(i.__0snprintf$2) refers to printf2.o(i._snputc) for _snputc
    printf2.o(i.__0sprintf$2) refers to printf2.o(i._printf_core) for _printf_core
    printf2.o(i.__0sprintf$2) refers to printf2.o(i._sputc) for _sputc
    printf2.o(i.__0vfprintf$2) refers to printf2.o(i._printf_core) for _printf_core
    printf2.o(i.__0vfprintf$2) refers to driver_usart1.o(i.fputc) for fputc
    printf2.o(i.__0vprintf$2) refers to printf2.o(i._printf_core) for _printf_core
    printf2.o(i.__0vprintf$2) refers to driver_usart1.o(i.fputc) for fputc
    printf2.o(i.__0vprintf$2) refers to stdout.o(.data) for __stdout
    printf2.o(i.__0vsnprintf$2) refers to printf2.o(i._printf_core) for _printf_core
    printf2.o(i.__0vsnprintf$2) refers to printf2.o(i._snputc) for _snputc
    printf2.o(i.__0vsprintf$2) refers to printf2.o(i._printf_core) for _printf_core
    printf2.o(i.__0vsprintf$2) refers to printf2.o(i._sputc) for _sputc
    printf3.o(i.__0fprintf$3) refers to printf3.o(i._printf_core) for _printf_core
    printf3.o(i.__0fprintf$3) refers to driver_usart1.o(i.fputc) for fputc
    printf3.o(i.__0printf$3) refers to printf3.o(i._printf_core) for _printf_core
    printf3.o(i.__0printf$3) refers to driver_usart1.o(i.fputc) for fputc
    printf3.o(i.__0printf$3) refers to stdout.o(.data) for __stdout
    printf3.o(i.__0snprintf$3) refers to printf3.o(i._printf_core) for _printf_core
    printf3.o(i.__0snprintf$3) refers to printf3.o(i._snputc) for _snputc
    printf3.o(i.__0sprintf$3) refers to printf3.o(i._printf_core) for _printf_core
    printf3.o(i.__0sprintf$3) refers to printf3.o(i._sputc) for _sputc
    printf3.o(i.__0vfprintf$3) refers to printf3.o(i._printf_core) for _printf_core
    printf3.o(i.__0vfprintf$3) refers to driver_usart1.o(i.fputc) for fputc
    printf3.o(i.__0vprintf$3) refers to printf3.o(i._printf_core) for _printf_core
    printf3.o(i.__0vprintf$3) refers to driver_usart1.o(i.fputc) for fputc
    printf3.o(i.__0vprintf$3) refers to stdout.o(.data) for __stdout
    printf3.o(i.__0vsnprintf$3) refers to printf3.o(i._printf_core) for _printf_core
    printf3.o(i.__0vsnprintf$3) refers to printf3.o(i._snputc) for _snputc
    printf3.o(i.__0vsprintf$3) refers to printf3.o(i._printf_core) for _printf_core
    printf3.o(i.__0vsprintf$3) refers to printf3.o(i._sputc) for _sputc
    printf3.o(i._printf_core) refers to uidiv.o(.text) for __aeabi_uidivmod
    printf4.o(i.__0fprintf$4) refers to printf4.o(i._printf_core) for _printf_core
    printf4.o(i.__0fprintf$4) refers to driver_usart1.o(i.fputc) for fputc
    printf4.o(i.__0printf$4) refers to printf4.o(i._printf_core) for _printf_core
    printf4.o(i.__0printf$4) refers to driver_usart1.o(i.fputc) for fputc
    printf4.o(i.__0printf$4) refers to stdout.o(.data) for __stdout
    printf4.o(i.__0snprintf$4) refers to printf4.o(i._printf_core) for _printf_core
    printf4.o(i.__0snprintf$4) refers to printf4.o(i._snputc) for _snputc
    printf4.o(i.__0sprintf$4) refers to printf4.o(i._printf_core) for _printf_core
    printf4.o(i.__0sprintf$4) refers to printf4.o(i._sputc) for _sputc
    printf4.o(i.__0vfprintf$4) refers to printf4.o(i._printf_core) for _printf_core
    printf4.o(i.__0vfprintf$4) refers to driver_usart1.o(i.fputc) for fputc
    printf4.o(i.__0vprintf$4) refers to printf4.o(i._printf_core) for _printf_core
    printf4.o(i.__0vprintf$4) refers to driver_usart1.o(i.fputc) for fputc
    printf4.o(i.__0vprintf$4) refers to stdout.o(.data) for __stdout
    printf4.o(i.__0vsnprintf$4) refers to printf4.o(i._printf_core) for _printf_core
    printf4.o(i.__0vsnprintf$4) refers to printf4.o(i._snputc) for _snputc
    printf4.o(i.__0vsprintf$4) refers to printf4.o(i._printf_core) for _printf_core
    printf4.o(i.__0vsprintf$4) refers to printf4.o(i._sputc) for _sputc
    printf4.o(i._printf_core) refers to uldiv.o(.text) for __aeabi_uldivmod
    printf5.o(i.__0fprintf$5) refers to printf5.o(i._printf_core) for _printf_core
    printf5.o(i.__0fprintf$5) refers to driver_usart1.o(i.fputc) for fputc
    printf5.o(i.__0printf$5) refers to printf5.o(i._printf_core) for _printf_core
    printf5.o(i.__0printf$5) refers to driver_usart1.o(i.fputc) for fputc
    printf5.o(i.__0printf$5) refers to stdout.o(.data) for __stdout
    printf5.o(i.__0snprintf$5) refers to printf5.o(i._printf_core) for _printf_core
    printf5.o(i.__0snprintf$5) refers to printf5.o(i._snputc) for _snputc
    printf5.o(i.__0sprintf$5) refers to printf5.o(i._printf_core) for _printf_core
    printf5.o(i.__0sprintf$5) refers to printf5.o(i._sputc) for _sputc
    printf5.o(i.__0vfprintf$5) refers to printf5.o(i._printf_core) for _printf_core
    printf5.o(i.__0vfprintf$5) refers to driver_usart1.o(i.fputc) for fputc
    printf5.o(i.__0vprintf$5) refers to printf5.o(i._printf_core) for _printf_core
    printf5.o(i.__0vprintf$5) refers to driver_usart1.o(i.fputc) for fputc
    printf5.o(i.__0vprintf$5) refers to stdout.o(.data) for __stdout
    printf5.o(i.__0vsnprintf$5) refers to printf5.o(i._printf_core) for _printf_core
    printf5.o(i.__0vsnprintf$5) refers to printf5.o(i._snputc) for _snputc
    printf5.o(i.__0vsprintf$5) refers to printf5.o(i._printf_core) for _printf_core
    printf5.o(i.__0vsprintf$5) refers to printf5.o(i._sputc) for _sputc
    printf5.o(i._printf_core) refers to uldiv.o(.text) for __aeabi_uldivmod
    printf6.o(i.__0fprintf$6) refers to printf6.o(i._printf_core) for _printf_core
    printf6.o(i.__0fprintf$6) refers to driver_usart1.o(i.fputc) for fputc
    printf6.o(i.__0printf$6) refers to printf6.o(i._printf_core) for _printf_core
    printf6.o(i.__0printf$6) refers to driver_usart1.o(i.fputc) for fputc
    printf6.o(i.__0printf$6) refers to stdout.o(.data) for __stdout
    printf6.o(i.__0snprintf$6) refers to printf6.o(i._printf_core) for _printf_core
    printf6.o(i.__0snprintf$6) refers to printf6.o(i._snputc) for _snputc
    printf6.o(i.__0sprintf$6) refers to printf6.o(i._printf_core) for _printf_core
    printf6.o(i.__0sprintf$6) refers to printf6.o(i._sputc) for _sputc
    printf6.o(i.__0vfprintf$6) refers to printf6.o(i._printf_core) for _printf_core
    printf6.o(i.__0vfprintf$6) refers to driver_usart1.o(i.fputc) for fputc
    printf6.o(i.__0vprintf$6) refers to printf6.o(i._printf_core) for _printf_core
    printf6.o(i.__0vprintf$6) refers to driver_usart1.o(i.fputc) for fputc
    printf6.o(i.__0vprintf$6) refers to stdout.o(.data) for __stdout
    printf6.o(i.__0vsnprintf$6) refers to printf6.o(i._printf_core) for _printf_core
    printf6.o(i.__0vsnprintf$6) refers to printf6.o(i._snputc) for _snputc
    printf6.o(i.__0vsprintf$6) refers to printf6.o(i._printf_core) for _printf_core
    printf6.o(i.__0vsprintf$6) refers to printf6.o(i._sputc) for _sputc
    printf6.o(i._printf_core) refers to printf6.o(i._printf_pre_padding) for _printf_pre_padding
    printf6.o(i._printf_core) refers to uidiv.o(.text) for __aeabi_uidivmod
    printf6.o(i._printf_core) refers to printf6.o(i._printf_post_padding) for _printf_post_padding
    printf7.o(i.__0fprintf$7) refers to printf7.o(i._printf_core) for _printf_core
    printf7.o(i.__0fprintf$7) refers to driver_usart1.o(i.fputc) for fputc
    printf7.o(i.__0printf$7) refers to printf7.o(i._printf_core) for _printf_core
    printf7.o(i.__0printf$7) refers to driver_usart1.o(i.fputc) for fputc
    printf7.o(i.__0printf$7) refers to stdout.o(.data) for __stdout
    printf7.o(i.__0snprintf$7) refers to printf7.o(i._printf_core) for _printf_core
    printf7.o(i.__0snprintf$7) refers to printf7.o(i._snputc) for _snputc
    printf7.o(i.__0sprintf$7) refers to printf7.o(i._printf_core) for _printf_core
    printf7.o(i.__0sprintf$7) refers to printf7.o(i._sputc) for _sputc
    printf7.o(i.__0vfprintf$7) refers to printf7.o(i._printf_core) for _printf_core
    printf7.o(i.__0vfprintf$7) refers to driver_usart1.o(i.fputc) for fputc
    printf7.o(i.__0vprintf$7) refers to printf7.o(i._printf_core) for _printf_core
    printf7.o(i.__0vprintf$7) refers to driver_usart1.o(i.fputc) for fputc
    printf7.o(i.__0vprintf$7) refers to stdout.o(.data) for __stdout
    printf7.o(i.__0vsnprintf$7) refers to printf7.o(i._printf_core) for _printf_core
    printf7.o(i.__0vsnprintf$7) refers to printf7.o(i._snputc) for _snputc
    printf7.o(i.__0vsprintf$7) refers to printf7.o(i._printf_core) for _printf_core
    printf7.o(i.__0vsprintf$7) refers to printf7.o(i._sputc) for _sputc
    printf7.o(i._printf_core) refers to printf7.o(i._printf_pre_padding) for _printf_pre_padding
    printf7.o(i._printf_core) refers to uldiv.o(.text) for __aeabi_uldivmod
    printf7.o(i._printf_core) refers to printf7.o(i._printf_post_padding) for _printf_post_padding
    printf8.o(i.__0fprintf$8) refers to printf8.o(i._printf_core) for _printf_core
    printf8.o(i.__0fprintf$8) refers to driver_usart1.o(i.fputc) for fputc
    printf8.o(i.__0printf$8) refers to printf8.o(i._printf_core) for _printf_core
    printf8.o(i.__0printf$8) refers to driver_usart1.o(i.fputc) for fputc
    printf8.o(i.__0printf$8) refers to stdout.o(.data) for __stdout
    printf8.o(i.__0snprintf$8) refers to printf8.o(i._printf_core) for _printf_core
    printf8.o(i.__0snprintf$8) refers to printf8.o(i._snputc) for _snputc
    printf8.o(i.__0sprintf$8) refers to printf8.o(i._printf_core) for _printf_core
    printf8.o(i.__0sprintf$8) refers to printf8.o(i._sputc) for _sputc
    printf8.o(i.__0vfprintf$8) refers to printf8.o(i._printf_core) for _printf_core
    printf8.o(i.__0vfprintf$8) refers to driver_usart1.o(i.fputc) for fputc
    printf8.o(i.__0vprintf$8) refers to printf8.o(i._printf_core) for _printf_core
    printf8.o(i.__0vprintf$8) refers to driver_usart1.o(i.fputc) for fputc
    printf8.o(i.__0vprintf$8) refers to stdout.o(.data) for __stdout
    printf8.o(i.__0vsnprintf$8) refers to printf8.o(i._printf_core) for _printf_core
    printf8.o(i.__0vsnprintf$8) refers to printf8.o(i._snputc) for _snputc
    printf8.o(i.__0vsprintf$8) refers to printf8.o(i._printf_core) for _printf_core
    printf8.o(i.__0vsprintf$8) refers to printf8.o(i._sputc) for _sputc
    printf8.o(i._printf_core) refers to printf8.o(i._printf_pre_padding) for _printf_pre_padding
    printf8.o(i._printf_core) refers to uldiv.o(.text) for __aeabi_uldivmod
    printf8.o(i._printf_core) refers to printf8.o(i._printf_post_padding) for _printf_post_padding
    printfa.o(i.__0fprintf) refers (Special) to iusefp.o(.text) for __I$use$fp
    printfa.o(i.__0fprintf) refers to printfa.o(i._printf_core) for _printf_core
    printfa.o(i.__0fprintf) refers to driver_usart1.o(i.fputc) for fputc
    printfa.o(i.__0printf) refers (Special) to iusefp.o(.text) for __I$use$fp
    printfa.o(i.__0printf) refers to printfa.o(i._printf_core) for _printf_core
    printfa.o(i.__0printf) refers to driver_usart1.o(i.fputc) for fputc
    printfa.o(i.__0printf) refers to stdout.o(.data) for __stdout
    printfa.o(i.__0snprintf) refers (Special) to iusefp.o(.text) for __I$use$fp
    printfa.o(i.__0snprintf) refers to printfa.o(i._printf_core) for _printf_core
    printfa.o(i.__0snprintf) refers to printfa.o(i._snputc) for _snputc
    printfa.o(i.__0sprintf) refers (Special) to iusefp.o(.text) for __I$use$fp
    printfa.o(i.__0sprintf) refers to printfa.o(i._printf_core) for _printf_core
    printfa.o(i.__0sprintf) refers to printfa.o(i._sputc) for _sputc
    printfa.o(i.__0vfprintf) refers (Special) to iusefp.o(.text) for __I$use$fp
    printfa.o(i.__0vfprintf) refers to printfa.o(i._printf_core) for _printf_core
    printfa.o(i.__0vfprintf) refers to driver_usart1.o(i.fputc) for fputc
    printfa.o(i.__0vprintf) refers (Special) to iusefp.o(.text) for __I$use$fp
    printfa.o(i.__0vprintf) refers to printfa.o(i._printf_core) for _printf_core
    printfa.o(i.__0vprintf) refers to driver_usart1.o(i.fputc) for fputc
    printfa.o(i.__0vprintf) refers to stdout.o(.data) for __stdout
    printfa.o(i.__0vsnprintf) refers (Special) to iusefp.o(.text) for __I$use$fp
    printfa.o(i.__0vsnprintf) refers to printfa.o(i._printf_core) for _printf_core
    printfa.o(i.__0vsnprintf) refers to printfa.o(i._snputc) for _snputc
    printfa.o(i.__0vsprintf) refers (Special) to iusefp.o(.text) for __I$use$fp
    printfa.o(i.__0vsprintf) refers to printfa.o(i._printf_core) for _printf_core
    printfa.o(i.__0vsprintf) refers to printfa.o(i._sputc) for _sputc
    printfa.o(i._fp_digits) refers (Special) to iusefp.o(.text) for __I$use$fp
    printfa.o(i._fp_digits) refers to dmul.o(.text) for __aeabi_dmul
    printfa.o(i._fp_digits) refers to ddiv.o(.text) for __aeabi_ddiv
    printfa.o(i._fp_digits) refers to cdrcmple.o(.text) for __aeabi_cdrcmple
    printfa.o(i._fp_digits) refers to dadd.o(.text) for __aeabi_dadd
    printfa.o(i._fp_digits) refers to dfixul.o(.text) for __aeabi_d2ulz
    printfa.o(i._fp_digits) refers to uldiv.o(.text) for __aeabi_uldivmod
    printfa.o(i._printf_core) refers (Special) to iusefp.o(.text) for __I$use$fp
    printfa.o(i._printf_core) refers to printfa.o(i._printf_pre_padding) for _printf_pre_padding
    printfa.o(i._printf_core) refers to uldiv.o(.text) for __aeabi_uldivmod
    printfa.o(i._printf_core) refers to printfa.o(i._printf_post_padding) for _printf_post_padding
    printfa.o(i._printf_core) refers to printfa.o(i._fp_digits) for _fp_digits
    printfa.o(i._printf_core) refers to uidiv.o(.text) for __aeabi_uidivmod
    printfa.o(i._printf_post_padding) refers (Special) to iusefp.o(.text) for __I$use$fp
    printfa.o(i._printf_pre_padding) refers (Special) to iusefp.o(.text) for __I$use$fp
    printfa.o(i._snputc) refers (Special) to iusefp.o(.text) for __I$use$fp
    printfa.o(i._sputc) refers (Special) to iusefp.o(.text) for __I$use$fp
    dadd.o(.text) refers (Special) to iusefp.o(.text) for __I$use$fp
    dadd.o(.text) refers to llshl.o(.text) for __aeabi_llsl
    dadd.o(.text) refers to llsshr.o(.text) for __aeabi_lasr
    dadd.o(.text) refers to depilogue.o(.text) for _double_epilogue
    dmul.o(.text) refers (Special) to iusefp.o(.text) for __I$use$fp
    dmul.o(.text) refers to depilogue.o(.text) for _double_epilogue
    ddiv.o(.text) refers (Special) to iusefp.o(.text) for __I$use$fp
    ddiv.o(.text) refers to depilogue.o(.text) for _double_round
    dflti.o(.text) refers (Special) to iusefp.o(.text) for __I$use$fp
    dflti.o(.text) refers to depilogue.o(.text) for _double_epilogue
    dfltui.o(.text) refers (Special) to iusefp.o(.text) for __I$use$fp
    dfltui.o(.text) refers to depilogue.o(.text) for _double_epilogue
    dfixui.o(.text) refers (Special) to iusefp.o(.text) for __I$use$fp
    dfixui.o(.text) refers to llushr.o(.text) for __aeabi_llsr
    cos_i.o(i.__kernel_cos) refers (Special) to iusefp.o(.text) for __I$use$fp
    cos_i.o(i.__kernel_cos) refers to dfixi.o(.text) for __aeabi_d2iz
    cos_i.o(i.__kernel_cos) refers to dmul.o(.text) for __aeabi_dmul
    cos_i.o(i.__kernel_cos) refers to poly.o(i.__kernel_poly) for __kernel_poly
    cos_i.o(i.__kernel_cos) refers to dadd.o(.text) for __aeabi_dsub
    cos_i.o(i.__kernel_cos) refers to dscalb.o(.text) for __ARM_scalbn
    cos_i.o(i.__kernel_cos) refers to cos_i.o(.constdata) for .constdata
    cos_i.o(.constdata) refers (Special) to iusefp.o(.text) for __I$use$fp
    dunder.o(i.__mathlib_dbl_divzero) refers to ddiv.o(.text) for __aeabi_ddiv
    dunder.o(i.__mathlib_dbl_infnan) refers to dscalb.o(.text) for __ARM_scalbn
    dunder.o(i.__mathlib_dbl_infnan2) refers to dadd.o(.text) for __aeabi_dadd
    dunder.o(i.__mathlib_dbl_invalid) refers to ddiv.o(.text) for __aeabi_ddiv
    dunder.o(i.__mathlib_dbl_overflow) refers to dscalb.o(.text) for __ARM_scalbn
    dunder.o(i.__mathlib_dbl_posinfnan) refers to dmul.o(.text) for __aeabi_dmul
    dunder.o(i.__mathlib_dbl_underflow) refers to dscalb.o(.text) for __ARM_scalbn
    rred.o(i.__ieee754_rem_pio2) refers (Special) to iusefp.o(.text) for __I$use$fp
    rred.o(i.__ieee754_rem_pio2) refers to dadd.o(.text) for __aeabi_dsub
    rred.o(i.__ieee754_rem_pio2) refers to dmul.o(.text) for __aeabi_dmul
    rred.o(i.__ieee754_rem_pio2) refers to dfixi.o(.text) for __aeabi_d2iz
    rred.o(i.__ieee754_rem_pio2) refers to dflti.o(.text) for __aeabi_i2d
    rred.o(i.__ieee754_rem_pio2) refers to dfltui.o(.text) for __aeabi_ui2d
    rred.o(i.__ieee754_rem_pio2) refers to dscalb.o(.text) for __ARM_scalbn
    rred.o(i.__ieee754_rem_pio2) refers to rred.o(.constdata) for .constdata
    rred.o(i.__use_accurate_range_reduction) refers (Special) to iusefp.o(.text) for __I$use$fp
    rred.o(.constdata) refers (Special) to iusefp.o(.text) for __I$use$fp
    sin_i.o(i.__kernel_sin) refers (Special) to iusefp.o(.text) for __I$use$fp
    sin_i.o(i.__kernel_sin) refers to fpclassify.o(i.__ARM_fpclassify) for __ARM_fpclassify
    sin_i.o(i.__kernel_sin) refers to dunder.o(i.__mathlib_dbl_underflow) for __mathlib_dbl_underflow
    sin_i.o(i.__kernel_sin) refers to dmul.o(.text) for __aeabi_dmul
    sin_i.o(i.__kernel_sin) refers to poly.o(i.__kernel_poly) for __kernel_poly
    sin_i.o(i.__kernel_sin) refers to dscalb.o(.text) for __ARM_scalbn
    sin_i.o(i.__kernel_sin) refers to dadd.o(.text) for __aeabi_dsub
    sin_i.o(i.__kernel_sin) refers to sin_i.o(.constdata) for .constdata
    sin_i.o(.constdata) refers (Special) to iusefp.o(.text) for __I$use$fp
    sin_i_x.o(i.____kernel_sin$lsc) refers (Special) to iusefp.o(.text) for __I$use$fp
    sin_i_x.o(i.____kernel_sin$lsc) refers to dmul.o(.text) for __aeabi_dmul
    sin_i_x.o(i.____kernel_sin$lsc) refers to poly.o(i.__kernel_poly) for __kernel_poly
    sin_i_x.o(i.____kernel_sin$lsc) refers to dscalb.o(.text) for __ARM_scalbn
    sin_i_x.o(i.____kernel_sin$lsc) refers to dadd.o(.text) for __aeabi_dsub
    sin_i_x.o(i.____kernel_sin$lsc) refers to sin_i_x.o(.constdata) for .constdata
    sin_i_x.o(.constdata) refers (Special) to iusefp.o(.text) for __I$use$fp
    entry2.o(.ARM.Collect$$$$00000001) refers to entry2.o(.ARM.Collect$$$$00002712) for __lit__00000000
    entry2.o(.ARM.Collect$$$$00002712) refers to startup_stm32f10x_hd.o(STACK) for __initial_sp
    entry2.o(__vectab_stack_and_reset_area) refers to startup_stm32f10x_hd.o(STACK) for __initial_sp
    entry2.o(__vectab_stack_and_reset_area) refers to entry.o(.ARM.Collect$$$$00000000) for __main
    entry5.o(.ARM.Collect$$$$00000004) refers to init.o(.text) for __scatterload
    entry9a.o(.ARM.Collect$$$$0000000B) refers to main.o(i.main) for main
    entry9b.o(.ARM.Collect$$$$0000000C) refers to main.o(i.main) for main
    uldiv.o(.text) refers to llushr.o(.text) for __aeabi_llsr
    uldiv.o(.text) refers to llshl.o(.text) for __aeabi_llsl
    errno.o(i.__aeabi_errno_addr) refers to errno.o(.data) for .data
    errno.o(i.__read_errno) refers to errno.o(.data) for .data
    errno.o(i.__set_errno) refers to errno.o(.data) for .data
    strtod.o(.text) refers to scanf_fp.o(.text) for _scanf_real
    strtod.o(.text) refers to _sgetc.o(.text) for _sgetc
    strtod.o(.text) refers to isspace_c.o(.text) for isspace
    depilogue.o(.text) refers to llshl.o(.text) for __aeabi_llsl
    depilogue.o(.text) refers to llushr.o(.text) for __aeabi_llsr
    dfixul.o(.text) refers to llushr.o(.text) for __aeabi_llsr
    dfixul.o(.text) refers to llshl.o(.text) for __aeabi_llsl
    fpclassify.o(i.__ARM_fpclassify) refers (Special) to iusefp.o(.text) for __I$use$fp
    poly.o(i.__kernel_poly) refers (Special) to iusefp.o(.text) for __I$use$fp
    poly.o(i.__kernel_poly) refers to dmul.o(.text) for __aeabi_dmul
    poly.o(i.__kernel_poly) refers to dadd.o(.text) for __aeabi_dadd
    init.o(.text) refers to entry5.o(.ARM.Collect$$$$00000004) for __main_after_scatterload
    isspace_c.o(.text) refers to ctype_c.o(.text) for __ctype_lookup
    scanf_fp.o(.text) refers (Special) to iusefp.o(.text) for __I$use$fp
    scanf_fp.o(.text) refers to dfltul.o(.text) for __aeabi_ul2d
    scanf_fp.o(.text) refers to dmul.o(.text) for __aeabi_dmul
    scanf_fp.o(.text) refers to ddiv.o(.text) for __aeabi_ddiv
    scanf_fp.o(.text) refers to scanf_fp.o(i._is_digit) for _is_digit
    scanf_fp.o(.text) refers to d2f.o(.text) for __aeabi_d2f
    dfixi.o(.text) refers to llushr.o(.text) for __aeabi_llsr
    ctype_c.o(.text) refers to ctype_c.o(.constdata) for .constdata
    dfltul.o(.text) refers to depilogue.o(.text) for _double_epilogue
    d2f.o(.text) refers to fepilogue.o(.text) for _float_round
    scanf_fp.o(i._is_digit) refers (Special) to iusefp.o(.text) for __I$use$fp


==============================================================================

Removing Unused input sections from the image.

    Removing app_display.o(i.App_Display_ShowLogo), (12 bytes).
    Removing app_display.o(i.App_Display_ShowTitle), (36 bytes).
    Removing inf_lcd.o(i.Inf_LCD_BKClose), (20 bytes).
    Removing inf_lcd.o(i.Inf_LCD_DrawCircle), (240 bytes).
    Removing inf_lcd.o(i.Inf_LCD_DrawCircleFill), (272 bytes).
    Removing inf_lcd.o(i.Inf_LCD_DrawCircleFill_1), (352 bytes).
    Removing inf_lcd.o(i.Inf_LCD_DrawCircle_1), (288 bytes).
    Removing inf_lcd.o(i.Inf_LCD_DrawLine), (224 bytes).
    Removing inf_lcd.o(i.Inf_LCD_DrawPoint), (60 bytes).
    Removing inf_lcd.o(i.Inf_LCD_DrawRectangle), (84 bytes).
    Removing inf_lcd.o(i.Inf_LCD_ReadData), (12 bytes).
    Removing inf_lcd.o(i.Inf_LCD_ReadId), (46 bytes).
    Removing inf_lcd.o(i.Inf_LCD_WriteAtguiguLogo), (68 bytes).
    Removing inf_lcd.o(i.Inf_LCD_WriteChineseChar), (96 bytes).
    Removing inf_w25q32.o(i.Inf_W25Q32_ReadId), (60 bytes).
    Removing driver_usart1.o(i.Driver_USART1_SendString), (26 bytes).
    Removing driver_usart1.o(i.Driver_USART1_Stop), (20 bytes).
    Removing common_delay.o(i.Delay_s), (26 bytes).
    Removing core_cm3.o(.emb_text), (32 bytes).
    Removing system_stm32f10x.o(i.SystemCoreClockUpdate), (164 bytes).
    Removing system_stm32f10x.o(.data), (20 bytes).
    Removing startup_stm32f10x_hd.o(HEAP), (512 bytes).
    Removing dflti.o(.text), (34 bytes).
    Removing dfixui.o(.text), (50 bytes).
    Removing dscalb.o(.text), (46 bytes).
    Removing dfixi.o(.text), (62 bytes).

26 unused section(s) (total 2862 bytes) removed from the image.

==============================================================================

Image Symbol Table

    Local Symbols

    Symbol Name                              Value     Ov Type        Size  Object(Section)

    ../clib/microlib/ctype/ctype.c           0x00000000   Number         0  ctype_c.o ABSOLUTE
    ../clib/microlib/ctype/ctype.c           0x00000000   Number         0  isspace_c.o ABSOLUTE
    ../clib/microlib/division.c              0x00000000   Number         0  uldiv.o ABSOLUTE
    ../clib/microlib/division.c              0x00000000   Number         0  uidiv.o ABSOLUTE
    ../clib/microlib/errno.c                 0x00000000   Number         0  errno.o ABSOLUTE
    ../clib/microlib/init/entry.s            0x00000000   Number         0  entry8b.o ABSOLUTE
    ../clib/microlib/init/entry.s            0x00000000   Number         0  entry7b.o ABSOLUTE
    ../clib/microlib/init/entry.s            0x00000000   Number         0  entry7a.o ABSOLUTE
    ../clib/microlib/init/entry.s            0x00000000   Number         0  entry5.o ABSOLUTE
    ../clib/microlib/init/entry.s            0x00000000   Number         0  entry8a.o ABSOLUTE
    ../clib/microlib/init/entry.s            0x00000000   Number         0  entry2.o ABSOLUTE
    ../clib/microlib/init/entry.s            0x00000000   Number         0  entry.o ABSOLUTE
    ../clib/microlib/init/entry.s            0x00000000   Number         0  entry9b.o ABSOLUTE
    ../clib/microlib/init/entry.s            0x00000000   Number         0  entry12a.o ABSOLUTE
    ../clib/microlib/init/entry.s            0x00000000   Number         0  entry9a.o ABSOLUTE
    ../clib/microlib/init/entry.s            0x00000000   Number         0  entry10a.o ABSOLUTE
    ../clib/microlib/init/entry.s            0x00000000   Number         0  entry10b.o ABSOLUTE
    ../clib/microlib/init/entry.s            0x00000000   Number         0  entry11a.o ABSOLUTE
    ../clib/microlib/init/entry.s            0x00000000   Number         0  entry11b.o ABSOLUTE
    ../clib/microlib/init/entry.s            0x00000000   Number         0  entry12b.o ABSOLUTE
    ../clib/microlib/longlong.c              0x00000000   Number         0  llsshr.o ABSOLUTE
    ../clib/microlib/longlong.c              0x00000000   Number         0  llushr.o ABSOLUTE
    ../clib/microlib/longlong.c              0x00000000   Number         0  llshl.o ABSOLUTE
    ../clib/microlib/printf/printf.c         0x00000000   Number         0  printf6.o ABSOLUTE
    ../clib/microlib/printf/printf.c         0x00000000   Number         0  printf3.o ABSOLUTE
    ../clib/microlib/printf/printf.c         0x00000000   Number         0  printf1.o ABSOLUTE
    ../clib/microlib/printf/printf.c         0x00000000   Number         0  printf4.o ABSOLUTE
    ../clib/microlib/printf/printf.c         0x00000000   Number         0  printf5.o ABSOLUTE
    ../clib/microlib/printf/printf.c         0x00000000   Number         0  printf0.o ABSOLUTE
    ../clib/microlib/printf/printf.c         0x00000000   Number         0  printf2.o ABSOLUTE
    ../clib/microlib/printf/printf.c         0x00000000   Number         0  printf7.o ABSOLUTE
    ../clib/microlib/printf/printf.c         0x00000000   Number         0  printf8.o ABSOLUTE
    ../clib/microlib/printf/printf.c         0x00000000   Number         0  printfa.o ABSOLUTE
    ../clib/microlib/printf/printf.c         0x00000000   Number         0  printfb.o ABSOLUTE
    ../clib/microlib/printf/stubs.s          0x00000000   Number         0  stubs.o ABSOLUTE
    ../clib/microlib/stdio/streams.c         0x00000000   Number         0  stdout.o ABSOLUTE
    ../clib/microlib/string/strlen.c         0x00000000   Number         0  strlen.o ABSOLUTE
    ../clib/microlib/string/strrchr.c        0x00000000   Number         0  strrchr.o ABSOLUTE
    ../clib/microlib/string/strtok.c         0x00000000   Number         0  strtok.o ABSOLUTE
    ../clib/microlib/string/strtok.c         0x00000000   Number         0  strtok_r.o ABSOLUTE
    ../clib/microlib/stubs.s                 0x00000000   Number         0  iusefp.o ABSOLUTE
    ../clib/scanf.c                          0x00000000   Number         0  scanf_fp.o ABSOLUTE
    ../clib/scanf.c                          0x00000000   Number         0  _sgetc.o ABSOLUTE
    ../clib/scanf.c                          0x00000000   Number         0  strtod.o ABSOLUTE
    ../fplib/microlib/d2f.c                  0x00000000   Number         0  d2f.o ABSOLUTE
    ../fplib/microlib/fpadd.c                0x00000000   Number         0  dadd.o ABSOLUTE
    ../fplib/microlib/fpdiv.c                0x00000000   Number         0  ddiv.o ABSOLUTE
    ../fplib/microlib/fpepilogue.c           0x00000000   Number         0  depilogue.o ABSOLUTE
    ../fplib/microlib/fpepilogue.c           0x00000000   Number         0  fepilogue.o ABSOLUTE
    ../fplib/microlib/fpfix.c                0x00000000   Number         0  dfixi.o ABSOLUTE
    ../fplib/microlib/fpfix.c                0x00000000   Number         0  dfixul.o ABSOLUTE
    ../fplib/microlib/fpfix.c                0x00000000   Number         0  dfixui.o ABSOLUTE
    ../fplib/microlib/fpflt.c                0x00000000   Number         0  dfltul.o ABSOLUTE
    ../fplib/microlib/fpflt.c                0x00000000   Number         0  dflti.o ABSOLUTE
    ../fplib/microlib/fpflt.c                0x00000000   Number         0  dfltui.o ABSOLUTE
    ../fplib/microlib/fpmul.c                0x00000000   Number         0  dmul.o ABSOLUTE
    ../fplib/microlib/fpscalb.c              0x00000000   Number         0  dscalb.o ABSOLUTE
    ../mathlib/cos.c                         0x00000000   Number         0  cos.o ABSOLUTE
    ../mathlib/cos.c                         0x00000000   Number         0  cos_x.o ABSOLUTE
    ../mathlib/cos_i.c                       0x00000000   Number         0  cos_i.o ABSOLUTE
    ../mathlib/dunder.c                      0x00000000   Number         0  dunder.o ABSOLUTE
    ../mathlib/fpclassify.c                  0x00000000   Number         0  fpclassify.o ABSOLUTE
    ../mathlib/poly.c                        0x00000000   Number         0  poly.o ABSOLUTE
    ../mathlib/rred.c                        0x00000000   Number         0  rred.o ABSOLUTE
    ../mathlib/sin.c                         0x00000000   Number         0  sin.o ABSOLUTE
    ../mathlib/sin.c                         0x00000000   Number         0  sin_x.o ABSOLUTE
    ../mathlib/sin_i.c                       0x00000000   Number         0  sin_i_x.o ABSOLUTE
    ../mathlib/sin_i.c                       0x00000000   Number         0  sin_i.o ABSOLUTE
    ../mathlib/strtod.c                      0x00000000   Number         0  strtod.o ABSOLUTE
    Start\\core_cm3.c                        0x00000000   Number         0  core_cm3.o ABSOLUTE
    Start\core_cm3.c                         0x00000000   Number         0  core_cm3.o ABSOLUTE
    Start\startup_stm32f10x_hd.s             0x00000000   Number         0  startup_stm32f10x_hd.o ABSOLUTE
    Start\system_stm32f10x.c                 0x00000000   Number         0  system_stm32f10x.o ABSOLUTE
    app\display\App_Display.c                0x00000000   Number         0  app_display.o ABSOLUTE
    app\water_level\App_WaterLevel.c         0x00000000   Number         0  app_waterlevel.o ABSOLUTE
    cdrcmple.s                               0x00000000   Number         0  cdrcmple.o ABSOLUTE
    common\debug\Common_Debug.c              0x00000000   Number         0  common_debug.o ABSOLUTE
    common\delay\Common_Delay.c              0x00000000   Number         0  common_delay.o ABSOLUTE
    dc.s                                     0x00000000   Number         0  dc.o ABSOLUTE
    driver\fsmc\Driver_FSMC.c                0x00000000   Number         0  driver_fsmc.o ABSOLUTE
    driver\gpio\Driver_GPIO.c                0x00000000   Number         0  driver_gpio.o ABSOLUTE
    driver\spi\Driver_SPI.c                  0x00000000   Number         0  driver_spi.o ABSOLUTE
    driver\usart\Driver_USART1.c             0x00000000   Number         0  driver_usart1.o ABSOLUTE
    handlers.s                               0x00000000   Number         0  handlers.o ABSOLUTE
    inf\hx710\Inf_HX710.c                    0x00000000   Number         0  inf_hx710.o ABSOLUTE
    inf\lcd\Inf_LCD.c                        0x00000000   Number         0  inf_lcd.o ABSOLUTE
    inf\w25q32\Inf_W25Q32.c                  0x00000000   Number         0  inf_w25q32.o ABSOLUTE
    init.s                                   0x00000000   Number         0  init.o ABSOLUTE
    main.c                                   0x00000000   Number         0  main.o ABSOLUTE
    RESET                                    0x08000000   Section      304  startup_stm32f10x_hd.o(RESET)
    .ARM.Collect$$$$00000000                 0x08000130   Section        0  entry.o(.ARM.Collect$$$$00000000)
    .ARM.Collect$$$$00000001                 0x08000130   Section        4  entry2.o(.ARM.Collect$$$$00000001)
    .ARM.Collect$$$$00000004                 0x08000134   Section        4  entry5.o(.ARM.Collect$$$$00000004)
    .ARM.Collect$$$$00000008                 0x08000138   Section        0  entry7b.o(.ARM.Collect$$$$00000008)
    .ARM.Collect$$$$0000000A                 0x08000138   Section        0  entry8b.o(.ARM.Collect$$$$0000000A)
    .ARM.Collect$$$$0000000B                 0x08000138   Section        8  entry9a.o(.ARM.Collect$$$$0000000B)
    .ARM.Collect$$$$0000000E                 0x08000140   Section        4  entry12b.o(.ARM.Collect$$$$0000000E)
    .ARM.Collect$$$$0000000F                 0x08000144   Section        0  entry10a.o(.ARM.Collect$$$$0000000F)
    .ARM.Collect$$$$00000011                 0x08000144   Section        0  entry11a.o(.ARM.Collect$$$$00000011)
    .ARM.Collect$$$$00002712                 0x08000144   Section        4  entry2.o(.ARM.Collect$$$$00002712)
    __lit__00000000                          0x08000144   Data           4  entry2.o(.ARM.Collect$$$$00002712)
    .text                                    0x08000148   Section       36  startup_stm32f10x_hd.o(.text)
    .text                                    0x0800016c   Section        0  strlen.o(.text)
    .text                                    0x0800017c   Section        0  strtok.o(.text)
    .text                                    0x080001c0   Section        0  strrchr.o(.text)
    .text                                    0x080001d6   Section        0  dadd.o(.text)
    .text                                    0x08000324   Section        0  dmul.o(.text)
    .text                                    0x08000408   Section        0  ddiv.o(.text)
    .text                                    0x080004e6   Section        0  dfltui.o(.text)
    .text                                    0x08000500   Section        0  uidiv.o(.text)
    .text                                    0x0800052c   Section        0  uldiv.o(.text)
    .text                                    0x0800058e   Section        0  llshl.o(.text)
    .text                                    0x080005ac   Section        0  llushr.o(.text)
    .text                                    0x080005cc   Section        0  llsshr.o(.text)
    .text                                    0x080005f0   Section        0  strtod.o(.text)
    _local_sscanf                            0x080005f1   Thumb Code    54  strtod.o(.text)
    .text                                    0x0800068c   Section        0  depilogue.o(.text)
    .text                                    0x0800068c   Section        0  iusefp.o(.text)
    .text                                    0x08000746   Section        0  dfixul.o(.text)
    .text                                    0x08000778   Section       48  cdrcmple.o(.text)
    .text                                    0x080007a8   Section       36  init.o(.text)
    .text                                    0x080007cc   Section        0  isspace_c.o(.text)
    .text                                    0x080007d8   Section        0  scanf_fp.o(.text)
    _fp_value                                0x080007d9   Thumb Code   296  scanf_fp.o(.text)
    .text                                    0x08000b38   Section        0  _sgetc.o(.text)
    .text                                    0x08000b78   Section        0  ctype_c.o(.text)
    .text                                    0x08000ba0   Section        0  dfltul.o(.text)
    .text                                    0x08000bb8   Section        0  d2f.o(.text)
    .text                                    0x08000bf0   Section        0  fepilogue.o(.text)
    i.App_Display_ShowWaterLevel             0x08000c60   Section        0  app_display.o(i.App_Display_ShowWaterLevel)
    i.App_Display_Start                      0x08000cac   Section        0  app_display.o(i.App_Display_Start)
    i.App_WaterLevel_CalibrateI              0x08000cbc   Section        0  app_waterlevel.o(i.App_WaterLevel_CalibrateI)
    i.App_WaterLevel_ReadWaterLevel          0x08000fb8   Section        0  app_waterlevel.o(i.App_WaterLevel_ReadWaterLevel)
    i.App_WaterLevel_Start                   0x08000fec   Section        0  app_waterlevel.o(i.App_WaterLevel_Start)
    i.Common_Debug_Init                      0x08000ffc   Section        0  common_debug.o(i.Common_Debug_Init)
    i.Delay_ms                               0x08001008   Section        0  common_delay.o(i.Delay_ms)
    i.Delay_us                               0x08001022   Section        0  common_delay.o(i.Delay_us)
    i.Driver_FSMC_GPIO_Init                  0x08001058   Section        0  driver_fsmc.o(i.Driver_FSMC_GPIO_Init)
    i.Driver_FSMC_Init                       0x08001194   Section        0  driver_fsmc.o(i.Driver_FSMC_Init)
    i.Driver_GPIO_Init                       0x08001238   Section        0  driver_gpio.o(i.Driver_GPIO_Init)
    i.Driver_GPIO_WaiteKey3Pressed           0x080012b8   Section        0  driver_gpio.o(i.Driver_GPIO_WaiteKey3Pressed)
    i.Driver_SPI_Init                        0x080012e4   Section        0  driver_spi.o(i.Driver_SPI_Init)
    i.Driver_SPI_Start                       0x080013b4   Section        0  driver_spi.o(i.Driver_SPI_Start)
    i.Driver_SPI_Stop                        0x080013c8   Section        0  driver_spi.o(i.Driver_SPI_Stop)
    i.Driver_SPI_SwapByte                    0x080013dc   Section        0  driver_spi.o(i.Driver_SPI_SwapByte)
    i.Driver_USART1_Init                     0x0800140c   Section        0  driver_usart1.o(i.Driver_USART1_Init)
    i.Driver_USART1_SendChar                 0x08001490   Section        0  driver_usart1.o(i.Driver_USART1_SendChar)
    i.Driver_USART1_Start                    0x080014ac   Section        0  driver_usart1.o(i.Driver_USART1_Start)
    i.Inf_HX710_Init                         0x080014c0   Section        0  inf_hx710.o(i.Inf_HX710_Init)
    i.Inf_HX710_ReadValue                    0x080014c8   Section        0  inf_hx710.o(i.Inf_HX710_ReadValue)
    i.Inf_LCD_BKOpen                         0x0800154c   Section        0  inf_lcd.o(i.Inf_LCD_BKOpen)
    i.Inf_LCD_ClearAll                       0x08001560   Section        0  inf_lcd.o(i.Inf_LCD_ClearAll)
    i.Inf_LCD_Init                           0x08001590   Section        0  inf_lcd.o(i.Inf_LCD_Init)
    i.Inf_LCD_RegConfig                      0x080015a4   Section        0  inf_lcd.o(i.Inf_LCD_RegConfig)
    i.Inf_LCD_Reset                          0x0800171c   Section        0  inf_lcd.o(i.Inf_LCD_Reset)
    i.Inf_LCD_SetArea                        0x08001748   Section        0  inf_lcd.o(i.Inf_LCD_SetArea)
    i.Inf_LCD_WriteAsciiChar                 0x080017a4   Section        0  inf_lcd.o(i.Inf_LCD_WriteAsciiChar)
    i.Inf_LCD_WriteAsciiString               0x080018e4   Section        0  inf_lcd.o(i.Inf_LCD_WriteAsciiString)
    i.Inf_LCD_WriteCmd                       0x0800194c   Section        0  inf_lcd.o(i.Inf_LCD_WriteCmd)
    i.Inf_LCD_WriteData                      0x08001954   Section        0  inf_lcd.o(i.Inf_LCD_WriteData)
    i.Inf_W25Q32_EraseSector                 0x08001960   Section        0  inf_w25q32.o(i.Inf_W25Q32_EraseSector)
    i.Inf_W25Q32_Init                        0x0800199e   Section        0  inf_w25q32.o(i.Inf_W25Q32_Init)
    i.Inf_W25Q32_Read                        0x080019a6   Section        0  inf_w25q32.o(i.Inf_W25Q32_Read)
    i.Inf_W25Q32_WaiteNotBusy                0x08001a04   Section        0  inf_w25q32.o(i.Inf_W25Q32_WaiteNotBusy)
    i.Inf_W25Q32_WritePage                   0x08001a26   Section        0  inf_w25q32.o(i.Inf_W25Q32_WritePage)
    i.Inf_W25q32_WiteDisanable               0x08001a8a   Section        0  inf_w25q32.o(i.Inf_W25q32_WiteDisanable)
    i.Inf_W25q32_WiteEnable                  0x08001a9c   Section        0  inf_w25q32.o(i.Inf_W25q32_WiteEnable)
    i.SetSysClock                            0x08001aae   Section        0  system_stm32f10x.o(i.SetSysClock)
    SetSysClock                              0x08001aaf   Thumb Code     8  system_stm32f10x.o(i.SetSysClock)
    i.SetSysClockTo72                        0x08001ab8   Section        0  system_stm32f10x.o(i.SetSysClockTo72)
    SetSysClockTo72                          0x08001ab9   Thumb Code   214  system_stm32f10x.o(i.SetSysClockTo72)
    i.SystemInit                             0x08001b98   Section        0  system_stm32f10x.o(i.SystemInit)
    i.__0printf                              0x08001bf8   Section        0  printfa.o(i.__0printf)
    i.__0sprintf                             0x08001c18   Section        0  printfa.o(i.__0sprintf)
    i.__scatterload_copy                     0x08001c40   Section       14  handlers.o(i.__scatterload_copy)
    i.__scatterload_null                     0x08001c4e   Section        2  handlers.o(i.__scatterload_null)
    i.__scatterload_zeroinit                 0x08001c50   Section       14  handlers.o(i.__scatterload_zeroinit)
    i._fp_digits                             0x08001c60   Section        0  printfa.o(i._fp_digits)
    _fp_digits                               0x08001c61   Thumb Code   366  printfa.o(i._fp_digits)
    i._is_digit                              0x08001de4   Section        0  scanf_fp.o(i._is_digit)
    i._printf_core                           0x08001df4   Section        0  printfa.o(i._printf_core)
    _printf_core                             0x08001df5   Thumb Code  1704  printfa.o(i._printf_core)
    i._printf_post_padding                   0x080024a8   Section        0  printfa.o(i._printf_post_padding)
    _printf_post_padding                     0x080024a9   Thumb Code    36  printfa.o(i._printf_post_padding)
    i._printf_pre_padding                    0x080024cc   Section        0  printfa.o(i._printf_pre_padding)
    _printf_pre_padding                      0x080024cd   Thumb Code    46  printfa.o(i._printf_pre_padding)
    i._sputc                                 0x080024fa   Section        0  printfa.o(i._sputc)
    _sputc                                   0x080024fb   Thumb Code    10  printfa.o(i._sputc)
    i.fputc                                  0x08002504   Section        0  driver_usart1.o(i.fputc)
    i.main                                   0x08002514   Section        0  main.o(i.main)
    i.strtod                                 0x0800258c   Section        0  strtod.o(i.strtod)
    .constdata                               0x080025a8   Section    36708  inf_lcd.o(.constdata)
    .constdata                               0x0800b50c   Section       64  ctype_c.o(.constdata)
    .data                                    0x20000000   Section       25  app_waterlevel.o(.data)
    .data                                    0x2000001c   Section        4  strtok.o(.data)
    state                                    0x2000001c   Data           4  strtok.o(.data)
    .data                                    0x20000020   Section        4  stdout.o(.data)
    .bss                                     0x20000024   Section       50  app_display.o(.bss)
    .bss                                     0x20000056   Section       50  app_waterlevel.o(.bss)
    STACK                                    0x20000088   Section     1024  startup_stm32f10x_hd.o(STACK)

    Global Symbols

    Symbol Name                              Value     Ov Type        Size  Object(Section)

    BuildAttributes$$THM_ISAv4$P$D$K$B$S$PE$A:L22UL41UL21$X:L11$S22US41US21$IEEE1$IW$USESV6$~STKCKD$USESV7$~SHL$OTIME$ROPI$IEEEX$EBA8$MICROLIB$REQ8$PRES8$EABIv2 0x00000000   Number         0  anon$$obj.o ABSOLUTE
    __ARM_use_no_argv                        0x00000000   Number         0  main.o ABSOLUTE
    _printf_a                                0x00000000   Number         0  stubs.o ABSOLUTE
    _printf_c                                0x00000000   Number         0  stubs.o ABSOLUTE
    _printf_charcount                        0x00000000   Number         0  stubs.o ABSOLUTE
    _printf_d                                0x00000000   Number         0  stubs.o ABSOLUTE
    _printf_e                                0x00000000   Number         0  stubs.o ABSOLUTE
    _printf_f                                0x00000000   Number         0  stubs.o ABSOLUTE
    _printf_flags                            0x00000000   Number         0  stubs.o ABSOLUTE
    _printf_fp_dec                           0x00000000   Number         0  stubs.o ABSOLUTE
    _printf_fp_hex                           0x00000000   Number         0  stubs.o ABSOLUTE
    _printf_g                                0x00000000   Number         0  stubs.o ABSOLUTE
    _printf_i                                0x00000000   Number         0  stubs.o ABSOLUTE
    _printf_int_dec                          0x00000000   Number         0  stubs.o ABSOLUTE
    _printf_l                                0x00000000   Number         0  stubs.o ABSOLUTE
    _printf_lc                               0x00000000   Number         0  stubs.o ABSOLUTE
    _printf_ll                               0x00000000   Number         0  stubs.o ABSOLUTE
    _printf_lld                              0x00000000   Number         0  stubs.o ABSOLUTE
    _printf_lli                              0x00000000   Number         0  stubs.o ABSOLUTE
    _printf_llo                              0x00000000   Number         0  stubs.o ABSOLUTE
    _printf_llu                              0x00000000   Number         0  stubs.o ABSOLUTE
    _printf_llx                              0x00000000   Number         0  stubs.o ABSOLUTE
    _printf_longlong_dec                     0x00000000   Number         0  stubs.o ABSOLUTE
    _printf_longlong_hex                     0x00000000   Number         0  stubs.o ABSOLUTE
    _printf_longlong_oct                     0x00000000   Number         0  stubs.o ABSOLUTE
    _printf_ls                               0x00000000   Number         0  stubs.o ABSOLUTE
    _printf_mbtowc                           0x00000000   Number         0  stubs.o ABSOLUTE
    _printf_n                                0x00000000   Number         0  stubs.o ABSOLUTE
    _printf_o                                0x00000000   Number         0  stubs.o ABSOLUTE
    _printf_p                                0x00000000   Number         0  stubs.o ABSOLUTE
    _printf_percent                          0x00000000   Number         0  stubs.o ABSOLUTE
    _printf_pre_padding                      0x00000000   Number         0  stubs.o ABSOLUTE
    _printf_return_value                     0x00000000   Number         0  stubs.o ABSOLUTE
    _printf_s                                0x00000000   Number         0  stubs.o ABSOLUTE
    _printf_sizespec                         0x00000000   Number         0  stubs.o ABSOLUTE
    _printf_str                              0x00000000   Number         0  stubs.o ABSOLUTE
    _printf_truncate_signed                  0x00000000   Number         0  stubs.o ABSOLUTE
    _printf_truncate_unsigned                0x00000000   Number         0  stubs.o ABSOLUTE
    _printf_u                                0x00000000   Number         0  stubs.o ABSOLUTE
    _printf_wc                               0x00000000   Number         0  stubs.o ABSOLUTE
    _printf_wctomb                           0x00000000   Number         0  stubs.o ABSOLUTE
    _printf_widthprec                        0x00000000   Number         0  stubs.o ABSOLUTE
    _printf_x                                0x00000000   Number         0  stubs.o ABSOLUTE
    __arm_fini_                               - Undefined Weak Reference
    __cpp_initialize__aeabi_                  - Undefined Weak Reference
    __cxa_finalize                            - Undefined Weak Reference
    __decompress                              - Undefined Weak Reference
    _clock_init                               - Undefined Weak Reference
    _microlib_exit                            - Undefined Weak Reference
    __Vectors_Size                           0x00000130   Number         0  startup_stm32f10x_hd.o ABSOLUTE
    __Vectors                                0x08000000   Data           4  startup_stm32f10x_hd.o(RESET)
    __Vectors_End                            0x08000130   Data           0  startup_stm32f10x_hd.o(RESET)
    __main                                   0x08000131   Thumb Code     0  entry.o(.ARM.Collect$$$$00000000)
    _main_stk                                0x08000131   Thumb Code     0  entry2.o(.ARM.Collect$$$$00000001)
    _main_scatterload                        0x08000135   Thumb Code     0  entry5.o(.ARM.Collect$$$$00000004)
    __main_after_scatterload                 0x08000139   Thumb Code     0  entry5.o(.ARM.Collect$$$$00000004)
    _main_clock                              0x08000139   Thumb Code     0  entry7b.o(.ARM.Collect$$$$00000008)
    _main_cpp_init                           0x08000139   Thumb Code     0  entry8b.o(.ARM.Collect$$$$0000000A)
    _main_init                               0x08000139   Thumb Code     0  entry9a.o(.ARM.Collect$$$$0000000B)
    __rt_lib_shutdown_fini                   0x08000141   Thumb Code     0  entry12b.o(.ARM.Collect$$$$0000000E)
    __rt_final_cpp                           0x08000145   Thumb Code     0  entry10a.o(.ARM.Collect$$$$0000000F)
    __rt_final_exit                          0x08000145   Thumb Code     0  entry11a.o(.ARM.Collect$$$$00000011)
    Reset_Handler                            0x08000149   Thumb Code     8  startup_stm32f10x_hd.o(.text)
    NMI_Handler                              0x08000151   Thumb Code     2  startup_stm32f10x_hd.o(.text)
    HardFault_Handler                        0x08000153   Thumb Code     2  startup_stm32f10x_hd.o(.text)
    MemManage_Handler                        0x08000155   Thumb Code     2  startup_stm32f10x_hd.o(.text)
    BusFault_Handler                         0x08000157   Thumb Code     2  startup_stm32f10x_hd.o(.text)
    UsageFault_Handler                       0x08000159   Thumb Code     2  startup_stm32f10x_hd.o(.text)
    SVC_Handler                              0x0800015b   Thumb Code     2  startup_stm32f10x_hd.o(.text)
    DebugMon_Handler                         0x0800015d   Thumb Code     2  startup_stm32f10x_hd.o(.text)
    PendSV_Handler                           0x0800015f   Thumb Code     2  startup_stm32f10x_hd.o(.text)
    SysTick_Handler                          0x08000161   Thumb Code     2  startup_stm32f10x_hd.o(.text)
    ADC1_2_IRQHandler                        0x08000163   Thumb Code     0  startup_stm32f10x_hd.o(.text)
    ADC3_IRQHandler                          0x08000163   Thumb Code     0  startup_stm32f10x_hd.o(.text)
    CAN1_RX1_IRQHandler                      0x08000163   Thumb Code     0  startup_stm32f10x_hd.o(.text)
    CAN1_SCE_IRQHandler                      0x08000163   Thumb Code     0  startup_stm32f10x_hd.o(.text)
    DMA1_Channel1_IRQHandler                 0x08000163   Thumb Code     0  startup_stm32f10x_hd.o(.text)
    DMA1_Channel2_IRQHandler                 0x08000163   Thumb Code     0  startup_stm32f10x_hd.o(.text)
    DMA1_Channel3_IRQHandler                 0x08000163   Thumb Code     0  startup_stm32f10x_hd.o(.text)
    DMA1_Channel4_IRQHandler                 0x08000163   Thumb Code     0  startup_stm32f10x_hd.o(.text)
    DMA1_Channel5_IRQHandler                 0x08000163   Thumb Code     0  startup_stm32f10x_hd.o(.text)
    DMA1_Channel6_IRQHandler                 0x08000163   Thumb Code     0  startup_stm32f10x_hd.o(.text)
    DMA1_Channel7_IRQHandler                 0x08000163   Thumb Code     0  startup_stm32f10x_hd.o(.text)
    DMA2_Channel1_IRQHandler                 0x08000163   Thumb Code     0  startup_stm32f10x_hd.o(.text)
    DMA2_Channel2_IRQHandler                 0x08000163   Thumb Code     0  startup_stm32f10x_hd.o(.text)
    DMA2_Channel3_IRQHandler                 0x08000163   Thumb Code     0  startup_stm32f10x_hd.o(.text)
    DMA2_Channel4_5_IRQHandler               0x08000163   Thumb Code     0  startup_stm32f10x_hd.o(.text)
    EXTI0_IRQHandler                         0x08000163   Thumb Code     0  startup_stm32f10x_hd.o(.text)
    EXTI15_10_IRQHandler                     0x08000163   Thumb Code     0  startup_stm32f10x_hd.o(.text)
    EXTI1_IRQHandler                         0x08000163   Thumb Code     0  startup_stm32f10x_hd.o(.text)
    EXTI2_IRQHandler                         0x08000163   Thumb Code     0  startup_stm32f10x_hd.o(.text)
    EXTI3_IRQHandler                         0x08000163   Thumb Code     0  startup_stm32f10x_hd.o(.text)
    EXTI4_IRQHandler                         0x08000163   Thumb Code     0  startup_stm32f10x_hd.o(.text)
    EXTI9_5_IRQHandler                       0x08000163   Thumb Code     0  startup_stm32f10x_hd.o(.text)
    FLASH_IRQHandler                         0x08000163   Thumb Code     0  startup_stm32f10x_hd.o(.text)
    FSMC_IRQHandler                          0x08000163   Thumb Code     0  startup_stm32f10x_hd.o(.text)
    I2C1_ER_IRQHandler                       0x08000163   Thumb Code     0  startup_stm32f10x_hd.o(.text)
    I2C1_EV_IRQHandler                       0x08000163   Thumb Code     0  startup_stm32f10x_hd.o(.text)
    I2C2_ER_IRQHandler                       0x08000163   Thumb Code     0  startup_stm32f10x_hd.o(.text)
    I2C2_EV_IRQHandler                       0x08000163   Thumb Code     0  startup_stm32f10x_hd.o(.text)
    PVD_IRQHandler                           0x08000163   Thumb Code     0  startup_stm32f10x_hd.o(.text)
    RCC_IRQHandler                           0x08000163   Thumb Code     0  startup_stm32f10x_hd.o(.text)
    RTCAlarm_IRQHandler                      0x08000163   Thumb Code     0  startup_stm32f10x_hd.o(.text)
    RTC_IRQHandler                           0x08000163   Thumb Code     0  startup_stm32f10x_hd.o(.text)
    SDIO_IRQHandler                          0x08000163   Thumb Code     0  startup_stm32f10x_hd.o(.text)
    SPI1_IRQHandler                          0x08000163   Thumb Code     0  startup_stm32f10x_hd.o(.text)
    SPI2_IRQHandler                          0x08000163   Thumb Code     0  startup_stm32f10x_hd.o(.text)
    SPI3_IRQHandler                          0x08000163   Thumb Code     0  startup_stm32f10x_hd.o(.text)
    TAMPER_IRQHandler                        0x08000163   Thumb Code     0  startup_stm32f10x_hd.o(.text)
    TIM1_BRK_IRQHandler                      0x08000163   Thumb Code     0  startup_stm32f10x_hd.o(.text)
    TIM1_CC_IRQHandler                       0x08000163   Thumb Code     0  startup_stm32f10x_hd.o(.text)
    TIM1_TRG_COM_IRQHandler                  0x08000163   Thumb Code     0  startup_stm32f10x_hd.o(.text)
    TIM1_UP_IRQHandler                       0x08000163   Thumb Code     0  startup_stm32f10x_hd.o(.text)
    TIM2_IRQHandler                          0x08000163   Thumb Code     0  startup_stm32f10x_hd.o(.text)
    TIM3_IRQHandler                          0x08000163   Thumb Code     0  startup_stm32f10x_hd.o(.text)
    TIM4_IRQHandler                          0x08000163   Thumb Code     0  startup_stm32f10x_hd.o(.text)
    TIM5_IRQHandler                          0x08000163   Thumb Code     0  startup_stm32f10x_hd.o(.text)
    TIM6_IRQHandler                          0x08000163   Thumb Code     0  startup_stm32f10x_hd.o(.text)
    TIM7_IRQHandler                          0x08000163   Thumb Code     0  startup_stm32f10x_hd.o(.text)
    TIM8_BRK_IRQHandler                      0x08000163   Thumb Code     0  startup_stm32f10x_hd.o(.text)
    TIM8_CC_IRQHandler                       0x08000163   Thumb Code     0  startup_stm32f10x_hd.o(.text)
    TIM8_TRG_COM_IRQHandler                  0x08000163   Thumb Code     0  startup_stm32f10x_hd.o(.text)
    TIM8_UP_IRQHandler                       0x08000163   Thumb Code     0  startup_stm32f10x_hd.o(.text)
    UART4_IRQHandler                         0x08000163   Thumb Code     0  startup_stm32f10x_hd.o(.text)
    UART5_IRQHandler                         0x08000163   Thumb Code     0  startup_stm32f10x_hd.o(.text)
    USART1_IRQHandler                        0x08000163   Thumb Code     0  startup_stm32f10x_hd.o(.text)
    USART2_IRQHandler                        0x08000163   Thumb Code     0  startup_stm32f10x_hd.o(.text)
    USART3_IRQHandler                        0x08000163   Thumb Code     0  startup_stm32f10x_hd.o(.text)
    USBWakeUp_IRQHandler                     0x08000163   Thumb Code     0  startup_stm32f10x_hd.o(.text)
    USB_HP_CAN1_TX_IRQHandler                0x08000163   Thumb Code     0  startup_stm32f10x_hd.o(.text)
    USB_LP_CAN1_RX0_IRQHandler               0x08000163   Thumb Code     0  startup_stm32f10x_hd.o(.text)
    WWDG_IRQHandler                          0x08000163   Thumb Code     0  startup_stm32f10x_hd.o(.text)
    strlen                                   0x0800016d   Thumb Code    14  strlen.o(.text)
    strtok                                   0x0800017d   Thumb Code    62  strtok.o(.text)
    strrchr                                  0x080001c1   Thumb Code    22  strrchr.o(.text)
    __aeabi_dadd                             0x080001d7   Thumb Code   322  dadd.o(.text)
    __aeabi_dsub                             0x08000319   Thumb Code     6  dadd.o(.text)
    __aeabi_drsub                            0x0800031f   Thumb Code     6  dadd.o(.text)
    __aeabi_dmul                             0x08000325   Thumb Code   228  dmul.o(.text)
    __aeabi_ddiv                             0x08000409   Thumb Code   222  ddiv.o(.text)
    __aeabi_ui2d                             0x080004e7   Thumb Code    26  dfltui.o(.text)
    __aeabi_uidiv                            0x08000501   Thumb Code     0  uidiv.o(.text)
    __aeabi_uidivmod                         0x08000501   Thumb Code    44  uidiv.o(.text)
    __aeabi_uldivmod                         0x0800052d   Thumb Code    98  uldiv.o(.text)
    __aeabi_llsl                             0x0800058f   Thumb Code    30  llshl.o(.text)
    _ll_shift_l                              0x0800058f   Thumb Code     0  llshl.o(.text)
    __aeabi_llsr                             0x080005ad   Thumb Code    32  llushr.o(.text)
    _ll_ushift_r                             0x080005ad   Thumb Code     0  llushr.o(.text)
    __aeabi_lasr                             0x080005cd   Thumb Code    36  llsshr.o(.text)
    _ll_sshift_r                             0x080005cd   Thumb Code     0  llsshr.o(.text)
    __strtod_int                             0x08000627   Thumb Code    90  strtod.o(.text)
    __I$use$fp                               0x0800068d   Thumb Code     0  iusefp.o(.text)
    _double_round                            0x0800068d   Thumb Code    30  depilogue.o(.text)
    _double_epilogue                         0x080006ab   Thumb Code   156  depilogue.o(.text)
    __aeabi_d2ulz                            0x08000747   Thumb Code    48  dfixul.o(.text)
    __aeabi_cdrcmple                         0x08000779   Thumb Code    48  cdrcmple.o(.text)
    __scatterload                            0x080007a9   Thumb Code    28  init.o(.text)
    __scatterload_rt2                        0x080007a9   Thumb Code     0  init.o(.text)
    isspace                                  0x080007cd   Thumb Code    10  isspace_c.o(.text)
    _scanf_real                              0x08000901   Thumb Code     0  scanf_fp.o(.text)
    _scanf_really_real                       0x08000901   Thumb Code   556  scanf_fp.o(.text)
    _sgetc                                   0x08000b39   Thumb Code    30  _sgetc.o(.text)
    _sbackspace                              0x08000b57   Thumb Code    34  _sgetc.o(.text)
    __ctype_lookup                           0x08000b79   Thumb Code    34  ctype_c.o(.text)
    __aeabi_ul2d                             0x08000ba1   Thumb Code    24  dfltul.o(.text)
    __aeabi_d2f                              0x08000bb9   Thumb Code    56  d2f.o(.text)
    _float_round                             0x08000bf1   Thumb Code    18  fepilogue.o(.text)
    _float_epilogue                          0x08000c03   Thumb Code    92  fepilogue.o(.text)
    App_Display_ShowWaterLevel               0x08000c61   Thumb Code    42  app_display.o(i.App_Display_ShowWaterLevel)
    App_Display_Start                        0x08000cad   Thumb Code    14  app_display.o(i.App_Display_Start)
    App_WaterLevel_CalibrateI                0x08000cbd   Thumb Code   476  app_waterlevel.o(i.App_WaterLevel_CalibrateI)
    App_WaterLevel_ReadWaterLevel            0x08000fb9   Thumb Code    44  app_waterlevel.o(i.App_WaterLevel_ReadWaterLevel)
    App_WaterLevel_Start                     0x08000fed   Thumb Code    16  app_waterlevel.o(i.App_WaterLevel_Start)
    Common_Debug_Init                        0x08000ffd   Thumb Code    12  common_debug.o(i.Common_Debug_Init)
    Delay_ms                                 0x08001009   Thumb Code    26  common_delay.o(i.Delay_ms)
    Delay_us                                 0x08001023   Thumb Code    54  common_delay.o(i.Delay_us)
    Driver_FSMC_GPIO_Init                    0x08001059   Thumb Code   286  driver_fsmc.o(i.Driver_FSMC_GPIO_Init)
    Driver_FSMC_Init                         0x08001195   Thumb Code   158  driver_fsmc.o(i.Driver_FSMC_Init)
    Driver_GPIO_Init                         0x08001239   Thumb Code   114  driver_gpio.o(i.Driver_GPIO_Init)
    Driver_GPIO_WaiteKey3Pressed             0x080012b9   Thumb Code    38  driver_gpio.o(i.Driver_GPIO_WaiteKey3Pressed)
    Driver_SPI_Init                          0x080012e5   Thumb Code   184  driver_spi.o(i.Driver_SPI_Init)
    Driver_SPI_Start                         0x080013b5   Thumb Code    14  driver_spi.o(i.Driver_SPI_Start)
    Driver_SPI_Stop                          0x080013c9   Thumb Code    14  driver_spi.o(i.Driver_SPI_Stop)
    Driver_SPI_SwapByte                      0x080013dd   Thumb Code    42  driver_spi.o(i.Driver_SPI_SwapByte)
    Driver_USART1_Init                       0x0800140d   Thumb Code   120  driver_usart1.o(i.Driver_USART1_Init)
    Driver_USART1_SendChar                   0x08001491   Thumb Code    22  driver_usart1.o(i.Driver_USART1_SendChar)
    Driver_USART1_Start                      0x080014ad   Thumb Code    14  driver_usart1.o(i.Driver_USART1_Start)
    Inf_HX710_Init                           0x080014c1   Thumb Code     8  inf_hx710.o(i.Inf_HX710_Init)
    Inf_HX710_ReadValue                      0x080014c9   Thumb Code   126  inf_hx710.o(i.Inf_HX710_ReadValue)
    Inf_LCD_BKOpen                           0x0800154d   Thumb Code    14  inf_lcd.o(i.Inf_LCD_BKOpen)
    Inf_LCD_ClearAll                         0x08001561   Thumb Code    48  inf_lcd.o(i.Inf_LCD_ClearAll)
    Inf_LCD_Init                             0x08001591   Thumb Code    20  inf_lcd.o(i.Inf_LCD_Init)
    Inf_LCD_RegConfig                        0x080015a5   Thumb Code   376  inf_lcd.o(i.Inf_LCD_RegConfig)
    Inf_LCD_Reset                            0x0800171d   Thumb Code    40  inf_lcd.o(i.Inf_LCD_Reset)
    Inf_LCD_SetArea                          0x08001749   Thumb Code    90  inf_lcd.o(i.Inf_LCD_SetArea)
    Inf_LCD_WriteAsciiChar                   0x080017a5   Thumb Code   304  inf_lcd.o(i.Inf_LCD_WriteAsciiChar)
    Inf_LCD_WriteAsciiString                 0x080018e5   Thumb Code   104  inf_lcd.o(i.Inf_LCD_WriteAsciiString)
    Inf_LCD_WriteCmd                         0x0800194d   Thumb Code     8  inf_lcd.o(i.Inf_LCD_WriteCmd)
    Inf_LCD_WriteData                        0x08001955   Thumb Code     6  inf_lcd.o(i.Inf_LCD_WriteData)
    Inf_W25Q32_EraseSector                   0x08001961   Thumb Code    62  inf_w25q32.o(i.Inf_W25Q32_EraseSector)
    Inf_W25Q32_Init                          0x0800199f   Thumb Code     8  inf_w25q32.o(i.Inf_W25Q32_Init)
    Inf_W25Q32_Read                          0x080019a7   Thumb Code    94  inf_w25q32.o(i.Inf_W25Q32_Read)
    Inf_W25Q32_WaiteNotBusy                  0x08001a05   Thumb Code    34  inf_w25q32.o(i.Inf_W25Q32_WaiteNotBusy)
    Inf_W25Q32_WritePage                     0x08001a27   Thumb Code   100  inf_w25q32.o(i.Inf_W25Q32_WritePage)
    Inf_W25q32_WiteDisanable                 0x08001a8b   Thumb Code    18  inf_w25q32.o(i.Inf_W25q32_WiteDisanable)
    Inf_W25q32_WiteEnable                    0x08001a9d   Thumb Code    18  inf_w25q32.o(i.Inf_W25q32_WiteEnable)
    SystemInit                               0x08001b99   Thumb Code    78  system_stm32f10x.o(i.SystemInit)
    __0printf                                0x08001bf9   Thumb Code    22  printfa.o(i.__0printf)
    __1printf                                0x08001bf9   Thumb Code     0  printfa.o(i.__0printf)
    __2printf                                0x08001bf9   Thumb Code     0  printfa.o(i.__0printf)
    __c89printf                              0x08001bf9   Thumb Code     0  printfa.o(i.__0printf)
    printf                                   0x08001bf9   Thumb Code     0  printfa.o(i.__0printf)
    __0sprintf                               0x08001c19   Thumb Code    34  printfa.o(i.__0sprintf)
    __1sprintf                               0x08001c19   Thumb Code     0  printfa.o(i.__0sprintf)
    __2sprintf                               0x08001c19   Thumb Code     0  printfa.o(i.__0sprintf)
    __c89sprintf                             0x08001c19   Thumb Code     0  printfa.o(i.__0sprintf)
    sprintf                                  0x08001c19   Thumb Code     0  printfa.o(i.__0sprintf)
    __scatterload_copy                       0x08001c41   Thumb Code    14  handlers.o(i.__scatterload_copy)
    __scatterload_null                       0x08001c4f   Thumb Code     2  handlers.o(i.__scatterload_null)
    __scatterload_zeroinit                   0x08001c51   Thumb Code    14  handlers.o(i.__scatterload_zeroinit)
    _is_digit                                0x08001de5   Thumb Code    14  scanf_fp.o(i._is_digit)
    fputc                                    0x08002505   Thumb Code    16  driver_usart1.o(i.fputc)
    main                                     0x08002515   Thumb Code    82  main.o(i.main)
    strtod                                   0x0800258d   Thumb Code    28  strtod.o(i.strtod)
    ascii_1206                               0x080025a8   Data        1140  inf_lcd.o(.constdata)
    ascii_1608                               0x08002a1c   Data        1520  inf_lcd.o(.constdata)
    ascii_2412                               0x0800300c   Data        4560  inf_lcd.o(.constdata)
    ascii_3216                               0x080041dc   Data        6080  inf_lcd.o(.constdata)
    chinese                                  0x0800599c   Data        1152  inf_lcd.o(.constdata)
    gImage_atguigu                           0x08005e1c   Data       22256  inf_lcd.o(.constdata)
    __ctype_categories                       0x0800b50c   Data          64  ctype_c.o(.constdata)
    Region$$Table$$Base                      0x0800b54c   Number         0  anon$$obj.o(Region$$Table)
    Region$$Table$$Limit                     0x0800b56c   Number         0  anon$$obj.o(Region$$Table)
    a                                        0x20000000   Data           8  app_waterlevel.o(.data)
    b                                        0x20000008   Data           8  app_waterlevel.o(.data)
    y1                                       0x20000010   Data           4  app_waterlevel.o(.data)
    y2                                       0x20000014   Data           4  app_waterlevel.o(.data)
    len                                      0x20000018   Data           1  app_waterlevel.o(.data)
    __stdout                                 0x20000020   Data           4  stdout.o(.data)
    d_buff                                   0x20000024   Data          50  app_display.o(.bss)
    buff                                     0x20000056   Data          50  app_waterlevel.o(.bss)
    __initial_sp                             0x20000488   Data           0  startup_stm32f10x_hd.o(STACK)



==============================================================================

Memory Map of the image

  Image Entry point : 0x08000131

  Load Region LR_IROM1 (Base: 0x08000000, Size: 0x0000b590, Max: 0x00080000, ABSOLUTE)

    Execution Region ER_IROM1 (Exec base: 0x08000000, Load base: 0x08000000, Size: 0x0000b56c, Max: 0x00080000, ABSOLUTE)

    Exec Addr    Load Addr    Size         Type   Attr      Idx    E Section Name        Object

    0x08000000   0x08000000   0x00000130   Data   RO          607    RESET               startup_stm32f10x_hd.o
    0x08000130   0x08000130   0x00000000   Code   RO          632  * .ARM.Collect$$$$00000000  mc_w.l(entry.o)
    0x08000130   0x08000130   0x00000004   Code   RO          946    .ARM.Collect$$$$00000001  mc_w.l(entry2.o)
    0x08000134   0x08000134   0x00000004   Code   RO          949    .ARM.Collect$$$$00000004  mc_w.l(entry5.o)
    0x08000138   0x08000138   0x00000000   Code   RO          951    .ARM.Collect$$$$00000008  mc_w.l(entry7b.o)
    0x08000138   0x08000138   0x00000000   Code   RO          953    .ARM.Collect$$$$0000000A  mc_w.l(entry8b.o)
    0x08000138   0x08000138   0x00000008   Code   RO          954    .ARM.Collect$$$$0000000B  mc_w.l(entry9a.o)
    0x08000140   0x08000140   0x00000004   Code   RO          961    .ARM.Collect$$$$0000000E  mc_w.l(entry12b.o)
    0x08000144   0x08000144   0x00000000   Code   RO          956    .ARM.Collect$$$$0000000F  mc_w.l(entry10a.o)
    0x08000144   0x08000144   0x00000000   Code   RO          958    .ARM.Collect$$$$00000011  mc_w.l(entry11a.o)
    0x08000144   0x08000144   0x00000004   Code   RO          947    .ARM.Collect$$$$00002712  mc_w.l(entry2.o)
    0x08000148   0x08000148   0x00000024   Code   RO          608    .text               startup_stm32f10x_hd.o
    0x0800016c   0x0800016c   0x0000000e   Code   RO          635    .text               mc_w.l(strlen.o)
    0x0800017a   0x0800017a   0x00000002   PAD
    0x0800017c   0x0800017c   0x00000044   Code   RO          637    .text               mc_w.l(strtok.o)
    0x080001c0   0x080001c0   0x00000016   Code   RO          643    .text               mc_w.l(strrchr.o)
    0x080001d6   0x080001d6   0x0000014e   Code   RO          906    .text               mf_w.l(dadd.o)
    0x08000324   0x08000324   0x000000e4   Code   RO          908    .text               mf_w.l(dmul.o)
    0x08000408   0x08000408   0x000000de   Code   RO          910    .text               mf_w.l(ddiv.o)
    0x080004e6   0x080004e6   0x0000001a   Code   RO          914    .text               mf_w.l(dfltui.o)
    0x08000500   0x08000500   0x0000002c   Code   RO          963    .text               mc_w.l(uidiv.o)
    0x0800052c   0x0800052c   0x00000062   Code   RO          965    .text               mc_w.l(uldiv.o)
    0x0800058e   0x0800058e   0x0000001e   Code   RO          967    .text               mc_w.l(llshl.o)
    0x080005ac   0x080005ac   0x00000020   Code   RO          969    .text               mc_w.l(llushr.o)
    0x080005cc   0x080005cc   0x00000024   Code   RO          971    .text               mc_w.l(llsshr.o)
    0x080005f0   0x080005f0   0x0000009c   Code   RO          980    .text               mc_w.l(strtod.o)
    0x0800068c   0x0800068c   0x00000000   Code   RO          982    .text               mc_w.l(iusefp.o)
    0x0800068c   0x0800068c   0x000000ba   Code   RO          983    .text               mf_w.l(depilogue.o)
    0x08000746   0x08000746   0x00000030   Code   RO          985    .text               mf_w.l(dfixul.o)
    0x08000776   0x08000776   0x00000002   PAD
    0x08000778   0x08000778   0x00000030   Code   RO          987    .text               mf_w.l(cdrcmple.o)
    0x080007a8   0x080007a8   0x00000024   Code   RO          993    .text               mc_w.l(init.o)
    0x080007cc   0x080007cc   0x0000000a   Code   RO          995    .text               mc_w.l(isspace_c.o)
    0x080007d6   0x080007d6   0x00000002   PAD
    0x080007d8   0x080007d8   0x00000360   Code   RO          997    .text               mc_w.l(scanf_fp.o)
    0x08000b38   0x08000b38   0x00000040   Code   RO         1001    .text               mc_w.l(_sgetc.o)
    0x08000b78   0x08000b78   0x00000028   Code   RO         1007    .text               mc_w.l(ctype_c.o)
    0x08000ba0   0x08000ba0   0x00000018   Code   RO         1010    .text               mf_w.l(dfltul.o)
    0x08000bb8   0x08000bb8   0x00000038   Code   RO         1012    .text               mf_w.l(d2f.o)
    0x08000bf0   0x08000bf0   0x0000006e   Code   RO         1014    .text               mf_w.l(fepilogue.o)
    0x08000c5e   0x08000c5e   0x00000002   PAD
    0x08000c60   0x08000c60   0x0000004c   Code   RO           69    i.App_Display_ShowWaterLevel  app_display.o
    0x08000cac   0x08000cac   0x0000000e   Code   RO           70    i.App_Display_Start  app_display.o
    0x08000cba   0x08000cba   0x00000002   PAD
    0x08000cbc   0x08000cbc   0x000002fc   Code   RO          107    i.App_WaterLevel_CalibrateI  app_waterlevel.o
    0x08000fb8   0x08000fb8   0x00000034   Code   RO          108    i.App_WaterLevel_ReadWaterLevel  app_waterlevel.o
    0x08000fec   0x08000fec   0x00000010   Code   RO          109    i.App_WaterLevel_Start  app_waterlevel.o
    0x08000ffc   0x08000ffc   0x0000000c   Code   RO          507    i.Common_Debug_Init  common_debug.o
    0x08001008   0x08001008   0x0000001a   Code   RO          526    i.Delay_ms          common_delay.o
    0x08001022   0x08001022   0x00000036   Code   RO          528    i.Delay_us          common_delay.o
    0x08001058   0x08001058   0x0000013c   Code   RO          432    i.Driver_FSMC_GPIO_Init  driver_fsmc.o
    0x08001194   0x08001194   0x000000a4   Code   RO          433    i.Driver_FSMC_Init  driver_fsmc.o
    0x08001238   0x08001238   0x00000080   Code   RO          453    i.Driver_GPIO_Init  driver_gpio.o
    0x080012b8   0x080012b8   0x0000002c   Code   RO          454    i.Driver_GPIO_WaiteKey3Pressed  driver_gpio.o
    0x080012e4   0x080012e4   0x000000d0   Code   RO          474    i.Driver_SPI_Init   driver_spi.o
    0x080013b4   0x080013b4   0x00000014   Code   RO          475    i.Driver_SPI_Start  driver_spi.o
    0x080013c8   0x080013c8   0x00000014   Code   RO          476    i.Driver_SPI_Stop   driver_spi.o
    0x080013dc   0x080013dc   0x00000030   Code   RO          477    i.Driver_SPI_SwapByte  driver_spi.o
    0x0800140c   0x0800140c   0x00000084   Code   RO          383    i.Driver_USART1_Init  driver_usart1.o
    0x08001490   0x08001490   0x0000001c   Code   RO          384    i.Driver_USART1_SendChar  driver_usart1.o
    0x080014ac   0x080014ac   0x00000014   Code   RO          386    i.Driver_USART1_Start  driver_usart1.o
    0x080014c0   0x080014c0   0x00000008   Code   RO          305    i.Inf_HX710_Init    inf_hx710.o
    0x080014c8   0x080014c8   0x00000084   Code   RO          306    i.Inf_HX710_ReadValue  inf_hx710.o
    0x0800154c   0x0800154c   0x00000014   Code   RO          155    i.Inf_LCD_BKOpen    inf_lcd.o
    0x08001560   0x08001560   0x00000030   Code   RO          156    i.Inf_LCD_ClearAll  inf_lcd.o
    0x08001590   0x08001590   0x00000014   Code   RO          164    i.Inf_LCD_Init      inf_lcd.o
    0x080015a4   0x080015a4   0x00000178   Code   RO          167    i.Inf_LCD_RegConfig  inf_lcd.o
    0x0800171c   0x0800171c   0x0000002c   Code   RO          168    i.Inf_LCD_Reset     inf_lcd.o
    0x08001748   0x08001748   0x0000005a   Code   RO          169    i.Inf_LCD_SetArea   inf_lcd.o
    0x080017a2   0x080017a2   0x00000002   PAD
    0x080017a4   0x080017a4   0x00000140   Code   RO          170    i.Inf_LCD_WriteAsciiChar  inf_lcd.o
    0x080018e4   0x080018e4   0x00000068   Code   RO          171    i.Inf_LCD_WriteAsciiString  inf_lcd.o
    0x0800194c   0x0800194c   0x00000008   Code   RO          174    i.Inf_LCD_WriteCmd  inf_lcd.o
    0x08001954   0x08001954   0x0000000c   Code   RO          175    i.Inf_LCD_WriteData  inf_lcd.o
    0x08001960   0x08001960   0x0000003e   Code   RO          326    i.Inf_W25Q32_EraseSector  inf_w25q32.o
    0x0800199e   0x0800199e   0x00000008   Code   RO          327    i.Inf_W25Q32_Init   inf_w25q32.o
    0x080019a6   0x080019a6   0x0000005e   Code   RO          328    i.Inf_W25Q32_Read   inf_w25q32.o
    0x08001a04   0x08001a04   0x00000022   Code   RO          330    i.Inf_W25Q32_WaiteNotBusy  inf_w25q32.o
    0x08001a26   0x08001a26   0x00000064   Code   RO          331    i.Inf_W25Q32_WritePage  inf_w25q32.o
    0x08001a8a   0x08001a8a   0x00000012   Code   RO          332    i.Inf_W25q32_WiteDisanable  inf_w25q32.o
    0x08001a9c   0x08001a9c   0x00000012   Code   RO          333    i.Inf_W25q32_WiteEnable  inf_w25q32.o
    0x08001aae   0x08001aae   0x00000008   Code   RO          564    i.SetSysClock       system_stm32f10x.o
    0x08001ab6   0x08001ab6   0x00000002   PAD
    0x08001ab8   0x08001ab8   0x000000e0   Code   RO          565    i.SetSysClockTo72   system_stm32f10x.o
    0x08001b98   0x08001b98   0x00000060   Code   RO          567    i.SystemInit        system_stm32f10x.o
    0x08001bf8   0x08001bf8   0x00000020   Code   RO          878    i.__0printf         mc_w.l(printfa.o)
    0x08001c18   0x08001c18   0x00000028   Code   RO          880    i.__0sprintf        mc_w.l(printfa.o)
    0x08001c40   0x08001c40   0x0000000e   Code   RO         1018    i.__scatterload_copy  mc_w.l(handlers.o)
    0x08001c4e   0x08001c4e   0x00000002   Code   RO         1019    i.__scatterload_null  mc_w.l(handlers.o)
    0x08001c50   0x08001c50   0x0000000e   Code   RO         1020    i.__scatterload_zeroinit  mc_w.l(handlers.o)
    0x08001c5e   0x08001c5e   0x00000002   PAD
    0x08001c60   0x08001c60   0x00000184   Code   RO          885    i._fp_digits        mc_w.l(printfa.o)
    0x08001de4   0x08001de4   0x0000000e   Code   RO          999    i._is_digit         mc_w.l(scanf_fp.o)
    0x08001df2   0x08001df2   0x00000002   PAD
    0x08001df4   0x08001df4   0x000006b4   Code   RO          886    i._printf_core      mc_w.l(printfa.o)
    0x080024a8   0x080024a8   0x00000024   Code   RO          887    i._printf_post_padding  mc_w.l(printfa.o)
    0x080024cc   0x080024cc   0x0000002e   Code   RO          888    i._printf_pre_padding  mc_w.l(printfa.o)
    0x080024fa   0x080024fa   0x0000000a   Code   RO          890    i._sputc            mc_w.l(printfa.o)
    0x08002504   0x08002504   0x00000010   Code   RO          388    i.fputc             driver_usart1.o
    0x08002514   0x08002514   0x00000078   Code   RO            1    i.main              main.o
    0x0800258c   0x0800258c   0x0000001c   Code   RO          629    i.strtod            m_ws.l(strtod.o)
    0x080025a8   0x080025a8   0x00008f64   Data   RO          176    .constdata          inf_lcd.o
    0x0800b50c   0x0800b50c   0x00000040   Data   RO         1008    .constdata          mc_w.l(ctype_c.o)
    0x0800b54c   0x0800b54c   0x00000020   Data   RO         1016    Region$$Table       anon$$obj.o


    Execution Region RW_IRAM1 (Exec base: 0x20000000, Load base: 0x0800b56c, Size: 0x00000488, Max: 0x00010000, ABSOLUTE)

    Exec Addr    Load Addr    Size         Type   Attr      Idx    E Section Name        Object

    0x20000000   0x0800b56c   0x00000019   Data   RW          111    .data               app_waterlevel.o
    0x20000019   0x0800b585   0x00000003   PAD
    0x2000001c   0x0800b588   0x00000004   Data   RW          638    .data               mc_w.l(strtok.o)
    0x20000020   0x0800b58c   0x00000004   Data   RW          962    .data               mc_w.l(stdout.o)
    0x20000024        -       0x00000032   Zero   RW           71    .bss                app_display.o
    0x20000056        -       0x00000032   Zero   RW          110    .bss                app_waterlevel.o
    0x20000088        -       0x00000400   Zero   RW          605    STACK               startup_stm32f10x_hd.o


==============================================================================

Image component sizes


      Code (inc. data)   RO Data    RW Data    ZI Data      Debug   Object Name

        90         34          0          0         50       1722   app_display.o
       832        296          0         25         50       2648   app_waterlevel.o
        12          0          0          0          0        468   common_debug.o
        80          0          0          0          0        982   common_delay.o
         0          0          0          0          0         32   core_cm3.o
       480         36          0          0          0       1075   driver_fsmc.o
       172         20          0          0          0        970   driver_gpio.o
       296         42          0          0          0       1897   driver_spi.o
       196         24          0          0          0       3676   driver_usart1.o
       140          6          0          0          0       1067   inf_hx710.o
      1042         32      36708          0          0       7677   inf_lcd.o
       334          0          0          0          0       4573   inf_w25q32.o
       120         38          0          0          0       5031   main.o
        36          8        304          0       1024        788   startup_stm32f10x_hd.o
       328         28          0          0          0       1957   system_stm32f10x.o

    ----------------------------------------------------------------------
      4164        564      37044         28       1124      34563   Object Totals
         0          0         32          0          0          0   (incl. Generated)
         6          0          0          3          0          0   (incl. Padding)

    ----------------------------------------------------------------------

      Code (inc. data)   RO Data    RW Data    ZI Data      Debug   Library Member Name

        28          0          0          0          0         80   strtod.o
        64          0          0          0          0         84   _sgetc.o
        40          6         64          0          0         68   ctype_c.o
         0          0          0          0          0          0   entry.o
         0          0          0          0          0          0   entry10a.o
         0          0          0          0          0          0   entry11a.o
         4          0          0          0          0          0   entry12b.o
         8          4          0          0          0          0   entry2.o
         4          0          0          0          0          0   entry5.o
         0          0          0          0          0          0   entry7b.o
         0          0          0          0          0          0   entry8b.o
         8          4          0          0          0          0   entry9a.o
        30          0          0          0          0          0   handlers.o
        36          8          0          0          0         68   init.o
        10          0          0          0          0         68   isspace_c.o
         0          0          0          0          0          0   iusefp.o
        30          0          0          0          0         68   llshl.o
        36          0          0          0          0         68   llsshr.o
        32          0          0          0          0         68   llushr.o
      2268         96          0          0          0        616   printfa.o
       878         12          0          0          0        216   scanf_fp.o
         0          0          0          4          0          0   stdout.o
        14          0          0          0          0         68   strlen.o
        22          0          0          0          0         68   strrchr.o
       156         12          0          0          0        120   strtod.o
        68          6          0          4          0         80   strtok.o
        44          0          0          0          0         80   uidiv.o
        98          0          0          0          0         92   uldiv.o
        48          0          0          0          0         68   cdrcmple.o
        56          0          0          0          0         88   d2f.o
       334          0          0          0          0        148   dadd.o
       222          0          0          0          0        100   ddiv.o
       186          0          0          0          0        176   depilogue.o
        48          0          0          0          0         68   dfixul.o
        26          0          0          0          0         76   dfltui.o
        24          0          0          0          0         76   dfltul.o
       228          0          0          0          0         96   dmul.o
       110          0          0          0          0        168   fepilogue.o

    ----------------------------------------------------------------------
      5172        148         64          8          0       2976   Library Totals
        12          0          0          0          0          0   (incl. Padding)

    ----------------------------------------------------------------------

      Code (inc. data)   RO Data    RW Data    ZI Data      Debug   Library Name

        28          0          0          0          0         80   m_ws.l
      3850        148         64          8          0       1832   mc_w.l
      1282          0          0          0          0       1064   mf_w.l

    ----------------------------------------------------------------------
      5172        148         64          8          0       2976   Library Totals

    ----------------------------------------------------------------------

==============================================================================


      Code (inc. data)   RO Data    RW Data    ZI Data      Debug   

      9336        712      37108         36       1124      33999   Grand Totals
      9336        712      37108         36       1124      33999   ELF Image Totals
      9336        712      37108         36          0          0   ROM Totals

==============================================================================

    Total RO  Size (Code + RO Data)                46444 (  45.36kB)
    Total RW  Size (RW Data + ZI Data)              1160 (   1.13kB)
    Total ROM Size (Code + RO Data + RW Data)      46480 (  45.39kB)

==============================================================================

